Archive member included to satisfy reference by file (symbol)

C:/ST/STM32CubeIDE_1.17.0/STM32CubeIDE/plugins/com.st.stm32cube.ide.mcu.externaltools.gnu-tools-for-stm32.12.3.rel1.win32_1.1.0.202410251130/tools/bin/../lib/gcc/arm-none-eabi/12.3.1/../../../../arm-none-eabi/lib/thumb/v7e-m+fp/hard\libc_nano.a(libc_a-exit.o)
                              C:/ST/STM32CubeIDE_1.17.0/STM32CubeIDE/plugins/com.st.stm32cube.ide.mcu.externaltools.gnu-tools-for-stm32.12.3.rel1.win32_1.1.0.202410251130/tools/bin/../lib/gcc/arm-none-eabi/12.3.1/../../../../arm-none-eabi/lib/thumb/v7e-m+fp/hard/crt0.o (exit)
C:/ST/STM32CubeIDE_1.17.0/STM32CubeIDE/plugins/com.st.stm32cube.ide.mcu.externaltools.gnu-tools-for-stm32.12.3.rel1.win32_1.1.0.202410251130/tools/bin/../lib/gcc/arm-none-eabi/12.3.1/../../../../arm-none-eabi/lib/thumb/v7e-m+fp/hard\libc_nano.a(libc_a-malloc.o)
                              ./Core/Src/fpc_host_sample.o (malloc)
C:/ST/STM32CubeIDE_1.17.0/STM32CubeIDE/plugins/com.st.stm32cube.ide.mcu.externaltools.gnu-tools-for-stm32.12.3.rel1.win32_1.1.0.202410251130/tools/bin/../lib/gcc/arm-none-eabi/12.3.1/../../../../arm-none-eabi/lib/thumb/v7e-m+fp/hard\libc_nano.a(libc_a-mallocr.o)
                              C:/ST/STM32CubeIDE_1.17.0/STM32CubeIDE/plugins/com.st.stm32cube.ide.mcu.externaltools.gnu-tools-for-stm32.12.3.rel1.win32_1.1.0.202410251130/tools/bin/../lib/gcc/arm-none-eabi/12.3.1/../../../../arm-none-eabi/lib/thumb/v7e-m+fp/hard\libc_nano.a(libc_a-malloc.o) (_malloc_r)
C:/ST/STM32CubeIDE_1.17.0/STM32CubeIDE/plugins/com.st.stm32cube.ide.mcu.externaltools.gnu-tools-for-stm32.12.3.rel1.win32_1.1.0.202410251130/tools/bin/../lib/gcc/arm-none-eabi/12.3.1/../../../../arm-none-eabi/lib/thumb/v7e-m+fp/hard\libc_nano.a(libc_a-mlock.o)
                              C:/ST/STM32CubeIDE_1.17.0/STM32CubeIDE/plugins/com.st.stm32cube.ide.mcu.externaltools.gnu-tools-for-stm32.12.3.rel1.win32_1.1.0.202410251130/tools/bin/../lib/gcc/arm-none-eabi/12.3.1/../../../../arm-none-eabi/lib/thumb/v7e-m+fp/hard\libc_nano.a(libc_a-mallocr.o) (__malloc_lock)
C:/ST/STM32CubeIDE_1.17.0/STM32CubeIDE/plugins/com.st.stm32cube.ide.mcu.externaltools.gnu-tools-for-stm32.12.3.rel1.win32_1.1.0.202410251130/tools/bin/../lib/gcc/arm-none-eabi/12.3.1/../../../../arm-none-eabi/lib/thumb/v7e-m+fp/hard\libc_nano.a(libc_a-findfp.o)
                              C:/ST/STM32CubeIDE_1.17.0/STM32CubeIDE/plugins/com.st.stm32cube.ide.mcu.externaltools.gnu-tools-for-stm32.12.3.rel1.win32_1.1.0.202410251130/tools/bin/../lib/gcc/arm-none-eabi/12.3.1/../../../../arm-none-eabi/lib/thumb/v7e-m+fp/hard\libc_nano.a(libc_a-exit.o) (__stdio_exit_handler)
C:/ST/STM32CubeIDE_1.17.0/STM32CubeIDE/plugins/com.st.stm32cube.ide.mcu.externaltools.gnu-tools-for-stm32.12.3.rel1.win32_1.1.0.202410251130/tools/bin/../lib/gcc/arm-none-eabi/12.3.1/../../../../arm-none-eabi/lib/thumb/v7e-m+fp/hard\libc_nano.a(libc_a-fwalk.o)
                              C:/ST/STM32CubeIDE_1.17.0/STM32CubeIDE/plugins/com.st.stm32cube.ide.mcu.externaltools.gnu-tools-for-stm32.12.3.rel1.win32_1.1.0.202410251130/tools/bin/../lib/gcc/arm-none-eabi/12.3.1/../../../../arm-none-eabi/lib/thumb/v7e-m+fp/hard\libc_nano.a(libc_a-findfp.o) (_fwalk_sglue)
C:/ST/STM32CubeIDE_1.17.0/STM32CubeIDE/plugins/com.st.stm32cube.ide.mcu.externaltools.gnu-tools-for-stm32.12.3.rel1.win32_1.1.0.202410251130/tools/bin/../lib/gcc/arm-none-eabi/12.3.1/../../../../arm-none-eabi/lib/thumb/v7e-m+fp/hard\libc_nano.a(libc_a-stdio.o)
                              C:/ST/STM32CubeIDE_1.17.0/STM32CubeIDE/plugins/com.st.stm32cube.ide.mcu.externaltools.gnu-tools-for-stm32.12.3.rel1.win32_1.1.0.202410251130/tools/bin/../lib/gcc/arm-none-eabi/12.3.1/../../../../arm-none-eabi/lib/thumb/v7e-m+fp/hard\libc_nano.a(libc_a-findfp.o) (__sread)
C:/ST/STM32CubeIDE_1.17.0/STM32CubeIDE/plugins/com.st.stm32cube.ide.mcu.externaltools.gnu-tools-for-stm32.12.3.rel1.win32_1.1.0.202410251130/tools/bin/../lib/gcc/arm-none-eabi/12.3.1/../../../../arm-none-eabi/lib/thumb/v7e-m+fp/hard\libc_nano.a(libc_a-vsnprintf.o)
                              ./Core/Src/fpc_hal.o (vsnprintf)
C:/ST/STM32CubeIDE_1.17.0/STM32CubeIDE/plugins/com.st.stm32cube.ide.mcu.externaltools.gnu-tools-for-stm32.12.3.rel1.win32_1.1.0.202410251130/tools/bin/../lib/gcc/arm-none-eabi/12.3.1/../../../../arm-none-eabi/lib/thumb/v7e-m+fp/hard\libc_nano.a(libc_a-memset.o)
                              C:/ST/STM32CubeIDE_1.17.0/STM32CubeIDE/plugins/com.st.stm32cube.ide.mcu.externaltools.gnu-tools-for-stm32.12.3.rel1.win32_1.1.0.202410251130/tools/bin/../lib/gcc/arm-none-eabi/12.3.1/../../../../arm-none-eabi/lib/thumb/v7e-m+fp/hard/crt0.o (memset)
C:/ST/STM32CubeIDE_1.17.0/STM32CubeIDE/plugins/com.st.stm32cube.ide.mcu.externaltools.gnu-tools-for-stm32.12.3.rel1.win32_1.1.0.202410251130/tools/bin/../lib/gcc/arm-none-eabi/12.3.1/../../../../arm-none-eabi/lib/thumb/v7e-m+fp/hard\libc_nano.a(libc_a-closer.o)
[...]
Memory Configuration

Name             Origin             Length             Attributes
CCMRAM           0x10000000         0x00010000         xrw
RAM              0x20000000         0x00030000         xrw
FLASH            0x08000000         0x00200000         xr
*default*        0x00000000         0xffffffff

Linker script and memory map

LOAD C:/ST/STM32CubeIDE_1.17.0/STM32CubeIDE/plugins/com.st.stm32cube.ide.mcu.externaltools.gnu-tools-for-stm32.12.3.rel1.win32_1.1.0.202410251130/tools/bin/../lib/gcc/arm-none-eabi/12.3.1/thumb/v7e-m+fp/hard/crti.o
LOAD C:/ST/STM32CubeIDE_1.17.0/STM32CubeIDE/plugins/com.st.stm32cube.ide.mcu.externaltools.gnu-tools-for-stm32.12.3.rel1.win32_1.1.0.202410251130/tools/bin/../lib/gcc/arm-none-eabi/12.3.1/thumb/v7e-m+fp/hard/crtbegin.o
LOAD C:/ST/STM32CubeIDE_1.17.0/STM32CubeIDE/plugins/com.st.stm32cube.ide.mcu.externaltools.gnu-tools-for-stm32.12.3.rel1.win32_1.1.0.202410251130/tools/bin/../lib/gcc/arm-none-eabi/12.3.1/../../../../arm-none-eabi/lib/thumb/v7e-m+fp/hard/crt0.o
LOAD ./Core/Src/fpc_hal.o
LOAD ./Core/Src/fpc_host_sample.o
LOAD ./Core/Src/hal_common.o
LOAD ./Core/Src/main.o
LOAD ./Core/Src/stm32f4xx_hal_msp.o
LOAD ./Core/Src/stm32f4xx_it.o
LOAD ./Core/Src/syscalls.o
LOAD ./Core/Src/sysmem.o
LOAD ./Core/Src/system_stm32f4xx.o
LOAD ./Core/Startup/startup_stm32f439zitx.o
LOAD ./Drivers/STM32F4xx_HAL_Driver/Src/stm32f4xx_hal.o
LOAD ./Drivers/STM32F4xx_HAL_Driver/Src/stm32f4xx_hal_cortex.o
LOAD ./Drivers/STM32F4xx_HAL_Driver/Src/stm32f4xx_hal_dma.o
LOAD ./Drivers/STM32F4xx_HAL_Driver/Src/stm32f4xx_hal_dma_ex.o
LOAD ./Drivers/STM32F4xx_HAL_Driver/Src/stm32f4xx_hal_exti.o
LOAD ./Drivers/STM32F4xx_HAL_Driver/Src/stm32f4xx_hal_flash.o
LOAD ./Drivers/STM32F4xx_HAL_Driver/Src/stm32f4xx_hal_flash_ex.o
LOAD ./Drivers/STM32F4xx_HAL_Driver/Src/stm32f4xx_hal_flash_ramfunc.o
LOAD ./Drivers/STM32F4xx_HAL_Driver/Src/stm32f4xx_hal_gpio.o
LOAD ./Drivers/STM32F4xx_HAL_Driver/Src/stm32f4xx_hal_pwr.o
LOAD ./Drivers/STM32F4xx_HAL_Driver/Src/stm32f4xx_hal_pwr_ex.o
LOAD ./Drivers/STM32F4xx_HAL_Driver/Src/stm32f4xx_hal_rcc.o
LOAD ./Drivers/STM32F4xx_HAL_Driver/Src/stm32f4xx_hal_rcc_ex.o
LOAD ./Drivers/STM32F4xx_HAL_Driver/Src/stm32f4xx_hal_spi.o
LOAD ./Drivers/STM32F4xx_HAL_Driver/Src/stm32f4xx_hal_uart.o
START GROUP
LOAD C:/ST/STM32CubeIDE_1.17.0/STM32CubeIDE/plugins/com.st.stm32cube.ide.mcu.externaltools.gnu-tools-for-stm32.12.3.rel1.win32_1.1.0.202410251130/tools/bin/../lib/gcc/arm-none-eabi/12.3.1/../../../../arm-none-eabi/lib/thumb/v7e-m+fp/hard\libstdc++_nano.a
LOAD C:/ST/STM32CubeIDE_1.17.0/STM32CubeIDE/plugins/com.st.stm32cube.ide.mcu.externaltools.gnu-tools-for-stm32.12.3.rel1.win32_1.1.0.202410251130/tools/bin/../lib/gcc/arm-none-eabi/12.3.1/../../../../arm-none-eabi/lib/thumb/v7e-m+fp/hard\libsupc++_nano.a
END GROUP
LOAD C:/ST/STM32CubeIDE_1.17.0/STM32CubeIDE/plugins/com.st.stm32cube.ide.mcu.externaltools.gnu-tools-for-stm32.12.3.rel1.win32_1.1.0.202410251130/tools/bin/../lib/gcc/arm-none-eabi/12.3.1/../../../../arm-none-eabi/lib/thumb/v7e-m+fp/hard\libstdc++_nano.a
LOAD C:/ST/STM32CubeIDE_1.17.0/STM32CubeIDE/plugins/com.st.stm32cube.ide.mcu.externaltools.gnu-tools-for-stm32.12.3.rel1.win32_1.1.0.202410251130/tools/bin/../lib/gcc/arm-none-eabi/12.3.1/../../../../arm-none-eabi/lib/thumb/v7e-m+fp/hard\libm.a
LOAD C:/ST/STM32CubeIDE_1.17.0/STM32CubeIDE/plugins/com.st.stm32cube.ide.mcu.externaltools.gnu-tools-for-stm32.12.3.rel1.win32_1.1.0.202410251130/tools/bin/../lib/gcc/arm-none-eabi/12.3.1/../../../../arm-none-eabi/lib/thumb/v7e-m+fp/hard\libc_nano.a
START GROUP
LOAD C:/ST/STM32CubeIDE_1.17.0/STM32CubeIDE/plugins/com.st.stm32cube.ide.mcu.externaltools.gnu-tools-for-stm32.12.3.rel1.win32_1.1.0.202410251130/tools/bin/../lib/gcc/arm-none-eabi/12.3.1/thumb/v7e-m+fp/hard\libgcc.a
LOAD C:/ST/STM32CubeIDE_1.17.0/STM32CubeIDE/plugins/com.st.stm32cube.ide.mcu.externaltools.gnu-tools-for-stm32.12.3.rel1.win32_1.1.0.202410251130/tools/bin/../lib/gcc/arm-none-eabi/12.3.1/../../../../arm-none-eabi/lib/thumb/v7e-m+fp/hard\libc_nano.a
END GROUP
START GROUP
LOAD C:/ST/STM32CubeIDE_1.17.0/STM32CubeIDE/plugins/com.st.stm32cube.ide.mcu.externaltools.gnu-tools-for-stm32.12.3.rel1.win32_1.1.0.202410251130/tools/bin/../lib/gcc/arm-none-eabi/12.3.1/thumb/v7e-m+fp/hard\libgcc.a
LOAD C:/ST/STM32CubeIDE_1.17.0/STM32CubeIDE/plugins/com.st.stm32cube.ide.mcu.externaltools.gnu-tools-for-stm32.12.3.rel1.win32_1.1.0.202410251130/tools/bin/../lib/gcc/arm-none-eabi/12.3.1/../../../../arm-none-eabi/lib/thumb/v7e-m+fp/hard\libc_nano.a
LOAD C:/ST/STM32CubeIDE_1.17.0/STM32CubeIDE/plugins/com.st.stm32cube.ide.mcu.externaltools.gnu-tools-for-stm32.12.3.rel1.win32_1.1.0.202410251130/tools/bin/../lib/gcc/arm-none-eabi/12.3.1/../../../../arm-none-eabi/lib/thumb/v7e-m+fp/hard\libnosys.a
END GROUP
START GROUP
LOAD C:/ST/STM32CubeIDE_1.17.0/STM32CubeIDE/plugins/com.st.stm32cube.ide.mcu.externaltools.gnu-tools-for-stm32.12.3.rel1.win32_1.1.0.202410251130/tools/bin/../lib/gcc/arm-none-eabi/12.3.1/thumb/v7e-m+fp/hard\libgcc.a
LOAD C:/ST/STM32CubeIDE_1.17.0/STM32CubeIDE/plugins/com.st.stm32cube.ide.mcu.externaltools.gnu-tools-for-stm32.12.3.rel1.win32_1.1.0.202410251130/tools/bin/../lib/gcc/arm-none-eabi/12.3.1/../../../../arm-none-eabi/lib/thumb/v7e-m+fp/hard\libc_nano.a
LOAD C:/ST/STM32CubeIDE_1.17.0/STM32CubeIDE/plugins/com.st.stm32cube.ide.mcu.externaltools.gnu-tools-for-stm32.12.3.rel1.win32_1.1.0.202410251130/tools/bin/../lib/gcc/arm-none-eabi/12.3.1/../../../../arm-none-eabi/lib/thumb/v7e-m+fp/hard\libnosys.a
END GROUP
LOAD C:/ST/STM32CubeIDE_1.17.0/STM32CubeIDE/plugins/com.st.stm32cube.ide.mcu.externaltools.gnu-tools-for-stm32.12.3.rel1.win32_1.1.0.202410251130/tools/bin/../lib/gcc/arm-none-eabi/12.3.1/thumb/v7e-m+fp/hard/crtend.o
LOAD C:/ST/STM32CubeIDE_1.17.0/STM32CubeIDE/plugins/com.st.stm32cube.ide.mcu.externaltools.gnu-tools-for-stm32.12.3.rel1.win32_1.1.0.202410251130/tools/bin/../lib/gcc/arm-none-eabi/12.3.1/thumb/v7e-m+fp/hard/crtn.o
                0x20030000                        _estack = (ORIGIN (RAM) + LENGTH (RAM))
                0x00000200                        _Min_Heap_Size = 0x200
                0x00000400                        _Min_Stack_Size = 0x400

.isr_vector     0x08000000      0x1ac
                0x08000000                        . = ALIGN (0x4)
 *(.isr_vector)
 .isr_vector    0x08000000      0x1ac ./Core/Startup/startup_stm32f439zitx.o
                0x08000000                g_pfnVectors
                0x080001ac                        . = ALIGN (0x4)

.text           0x080001b0     0x6314
                0x080001b0                        . = ALIGN (0x4)
 *(.text)
 .text          0x080001b0       0x40 C:/ST/STM32CubeIDE_1.17.0/STM32CubeIDE/plugins/com.st.stm32cube.ide.mcu.externaltools.gnu-tools-for-stm32.12.3.rel1.win32_1.1.0.202410251130/tools/bin/../lib/gcc/arm-none-eabi/12.3.1/thumb/v7e-m+fp/hard/crtbegin.o
 .text          0x080001f0       0x10 C:/ST/STM32CubeIDE_1.17.0/STM32CubeIDE/plugins/com.st.stm32cube.ide.mcu.externaltools.gnu-tools-for-stm32.12.3.rel1.win32_1.1.0.202410251130/tools/bin/../lib/gcc/arm-none-eabi/12.3.1/../../../../arm-none-eabi/lib/thumb/v7e-m+fp/hard\libc_nano.a(libc_a-strlen.o)
                0x080001f0                strlen
 .text          0x08000200       0xa0 C:/ST/STM32CubeIDE_1.17.0/STM32CubeIDE/plugins/com.st.stm32cube.ide.mcu.externaltools.gnu-tools-for-stm32.12.3.rel1.win32_1.1.0.202410251130/tools/bin/../lib/gcc/arm-none-eabi/12.3.1/../../../../arm-none-eabi/lib/thumb/v7e-m+fp/hard\libc_nano.a(libc_a-memchr.o)
                0x08000200                memchr
 .text          0x080002a0       0x30 C:/ST/STM32CubeIDE_1.17.0/STM32CubeIDE/plugins/com.st.stm32cube.ide.mcu.externaltools.gnu-tools-for-stm32.12.3.rel1.win32_1.1.0.202410251130/tools/bin/../lib/gcc/arm-none-eabi/12.3.1/thumb/v7e-m+fp/hard\libgcc.a(_aeabi_uldivmod.o)
                0x080002a0                __aeabi_uldivmod
 .text          0x080002d0      0x2bc C:/ST/STM32CubeIDE_1.17.0/STM32CubeIDE/plugins/com.st.stm32cube.ide.mcu.externaltools.gnu-tools-for-stm32.12.3.rel1.win32_1.1.0.202410251130/tools/bin/../lib/gcc/arm-none-eabi/12.3.1/thumb/v7e-m+fp/hard\libgcc.a(_udivmoddi4.o)
                0x080002d0                __udivmoddi4
 .text          0x0800058c        0x4 C:/ST/STM32CubeIDE_1.17.0/STM32CubeIDE/plugins/com.st.stm32cube.ide.mcu.externaltools.gnu-tools-for-stm32.12.3.rel1.win32_1.1.0.202410251130/tools/bin/../lib/gcc/arm-none-eabi/12.3.1/thumb/v7e-m+fp/hard\libgcc.a(_dvmd_tls.o)
                0x0800058c                __aeabi_idiv0
                0x0800058c                __aeabi_ldiv0
 *(.text*)
 .text.fpc_hal_init
                0x08000590       0x74 ./Core/Src/fpc_hal.o
                0x08000590                fpc_hal_init
 .text.fpc_hal_tx
                0x08000604       0x30 ./Core/Src/fpc_hal.o
                0x08000604                fpc_hal_tx
 .text.fpc_hal_rx
                0x08000634       0x2c ./Core/Src/fpc_hal.o
                0x08000634                fpc_hal_rx
 .text.fpc_hal_data_available
                0x08000660       0x18 ./Core/Src/fpc_hal.o
                0x08000660                fpc_hal_data_available
 .text.fpc_hal_wfi
                0x08000678       0x12 ./Core/Src/fpc_hal.o
                0x08000678                fpc_hal_wfi
 *fill*         0x0800068a        0x2 
 .text.fpc_sample_logf
                0x0800068c       0x60 ./Core/Src/fpc_hal.o
                0x0800068c                fpc_sample_logf
 .text.HAL_UART_RxCpltCallback
                0x080006ec       0x6c ./Core/Src/fpc_hal.o
                0x080006ec                HAL_UART_RxCpltCallback
 .text.HAL_UART_RxHalfCpltCallback
                0x08000758       0x3c ./Core/Src/fpc_hal.o
                0x08000758                HAL_UART_RxHalfCpltCallback
 .text.HAL_UART_TxCpltCallback
                0x08000794       0x30 ./Core/Src/fpc_hal.o
                0x08000794                HAL_UART_TxCpltCallback
 .text.HAL_UART_TxHalfCpltCallback
                0x080007c4       0x30 ./Core/Src/fpc_hal.o
                0x080007c4                HAL_UART_TxHalfCpltCallback
 .text.HAL_UART_ErrorCallback
                0x080007f4       0x24 ./Core/Src/fpc_hal.o
                0x080007f4                HAL_UART_ErrorCallback
 .text.uart_host_transmit
                0x08000818       0xec ./Core/Src/fpc_hal.o
                0x08000818                uart_host_transmit
 .text.uart_host_receive
                0x08000904      0x188 ./Core/Src/fpc_hal.o
                0x08000904                uart_host_receive
 .text.uart_host_rx_data_clear
                0x08000a8c       0x30 ./Core/Src/fpc_hal.o
                0x08000a8c                uart_host_rx_data_clear
 .text.host_uart_irq_handler
                0x08000abc       0x84 ./Core/Src/fpc_hal.o
                0x08000abc                host_uart_irq_handler
 .text.get_id_type_str_
                0x08000b40       0x70 ./Core/Src/fpc_host_sample.o
                0x08000b40                get_id_type_str_
 .text.get_event_str_
                0x08000bb0       0x78 ./Core/Src/fpc_host_sample.o
                0x08000bb0                get_event_str_
 .text.get_enroll_feedback_str_
                0x08000c28       0x80 ./Core/Src/fpc_host_sample.o
                0x08000c28                get_enroll_feedback_str_
 .text.get_gesture_str_
                0x08000ca8       0x80 ./Core/Src/fpc_host_sample.o
                0x08000ca8                get_gesture_str_
 .text.get_gpio_state_str_
                0x08000d28       0x38 ./Core/Src/fpc_host_sample.o
                0x08000d28                get_gpio_state_str_
 .text.fpc_send_request
                0x08000d60       0x7c ./Core/Src/fpc_host_sample.o
 .text.fpc_cmd_version_request
                0x08000ddc       0x34 ./Core/Src/fpc_host_sample.o
                0x08000ddc                fpc_cmd_version_request
 .text.fpc_cmd_enroll_request
                0x08000e10       0x84 ./Core/Src/fpc_host_sample.o
                0x08000e10                fpc_cmd_enroll_request
 .text.fpc_cmd_identify_request
                0x08000e94       0x8c ./Core/Src/fpc_host_sample.o
                0x08000e94                fpc_cmd_identify_request
 .text.fpc_cmd_abort
                0x08000f20       0x34 ./Core/Src/fpc_host_sample.o
                0x08000f20                fpc_cmd_abort
 .text.fpc_cmd_list_templates_request
                0x08000f54       0x34 ./Core/Src/fpc_host_sample.o
                0x08000f54                fpc_cmd_list_templates_request
 .text.fpc_cmd_delete_template_request
                0x08000f88       0x84 ./Core/Src/fpc_host_sample.o
                0x08000f88                fpc_cmd_delete_template_request
 .text.parse_cmd_status
                0x0800100c       0xcc ./Core/Src/fpc_host_sample.o
 .text.parse_cmd_version
                0x080010d8       0xd0 ./Core/Src/fpc_host_sample.o
 .text.parse_cmd_enroll_status
                0x080011a8       0xa8 ./Core/Src/fpc_host_sample.o
 .text.parse_cmd_identify
                0x08001250       0xe4 ./Core/Src/fpc_host_sample.o
 .text.parse_cmd_list_templates
                0x08001334       0xc0 ./Core/Src/fpc_host_sample.o
 .text.parse_cmd_navigation_event
                0x080013f4       0x88 ./Core/Src/fpc_host_sample.o
 .text.parse_cmd_gpio_control
                0x0800147c       0x84 ./Core/Src/fpc_host_sample.o
 .text.parse_cmd_get_system_config
                0x08001500      0x150 ./Core/Src/fpc_host_sample.o
 .text.parse_cmd_bist
                0x08001650       0x8c ./Core/Src/fpc_host_sample.o
 .text.parse_cmd
                0x080016dc      0x1b8 ./Core/Src/fpc_host_sample.o
 .text.fpc_host_sample_handle_rx_data
                0x08001894       0xc8 ./Core/Src/fpc_host_sample.o
                0x08001894                fpc_host_sample_handle_rx_data
 .text.fpc_host_sample_init
                0x0800195c       0x3c ./Core/Src/fpc_host_sample.o
                0x0800195c                fpc_host_sample_init
 .text.hal_check_button_pressed
                0x08001998       0x44 ./Core/Src/hal_common.o
                0x08001998                hal_check_button_pressed
 .text.HAL_GPIO_EXTI_Callback
                0x080019dc       0x8c ./Core/Src/hal_common.o
                0x080019dc                HAL_GPIO_EXTI_Callback
 .text.hal_set_led_status
                0x08001a68       0xa8 ./Core/Src/hal_common.o
                0x08001a68                hal_set_led_status
 .text.hal_reset_device
                0x08001b10       0x2c ./Core/Src/hal_common.o
                0x08001b10                hal_reset_device
 .text.hal_set_if_config
                0x08001b3c       0x54 ./Core/Src/hal_common.o
                0x08001b3c                hal_set_if_config
 .text.process_state
                0x08001b90      0x220 ./Core/Src/main.o
 .text.main     0x08001db0       0xa8 ./Core/Src/main.o
                0x08001db0                main
 .text.on_error
                0x08001e58       0x30 ./Core/Src/main.o
                0x08001e58                on_error
 .text.on_status
                0x08001e88       0x3c ./Core/Src/main.o
                0x08001e88                on_status
 .text.on_version
                0x08001ec4       0x28 ./Core/Src/main.o
                0x08001ec4                on_version
 .text.on_enroll
                0x08001eec       0x34 ./Core/Src/main.o
                0x08001eec                on_enroll
 .text.on_identify
                0x08001f20       0x40 ./Core/Src/main.o
                0x08001f20                on_identify
 .text.on_list_templates
                0x08001f60       0x34 ./Core/Src/main.o
                0x08001f60                on_list_templates
 .text.SystemClock_Config
                0x08001f94       0xd4 ./Core/Src/main.o
                0x08001f94                SystemClock_Config
 .text.MX_SPI1_Init
                0x08002068       0x6c ./Core/Src/main.o
 .text.MX_USART3_UART_Init
                0x080020d4       0x54 ./Core/Src/main.o
 .text.MX_USART6_UART_Init
                0x08002128       0x54 ./Core/Src/main.o
 .text.MX_DMA_Init
                0x0800217c       0x8c ./Core/Src/main.o
 .text.MX_GPIO_Init
                0x08002208      0x1ec ./Core/Src/main.o
 .text.Error_Handler
                0x080023f4        0xc ./Core/Src/main.o
                0x080023f4                Error_Handler
 .text.HAL_MspInit
                0x08002400       0x50 ./Core/Src/stm32f4xx_hal_msp.o
                0x08002400                HAL_MspInit
 .text.HAL_SPI_MspInit
                0x08002450       0x90 ./Core/Src/stm32f4xx_hal_msp.o
                0x08002450                HAL_SPI_MspInit
 .text.HAL_UART_MspInit
                0x080024e0      0x2bc ./Core/Src/stm32f4xx_hal_msp.o
                0x080024e0                HAL_UART_MspInit
 .text.NMI_Handler
                0x0800279c        0x8 ./Core/Src/stm32f4xx_it.o
                0x0800279c                NMI_Handler
 .text.HardFault_Handler
                0x080027a4        0x8 ./Core/Src/stm32f4xx_it.o
                0x080027a4                HardFault_Handler
 .text.MemManage_Handler
                0x080027ac        0x8 ./Core/Src/stm32f4xx_it.o
                0x080027ac                MemManage_Handler
 .text.BusFault_Handler
                0x080027b4        0x8 ./Core/Src/stm32f4xx_it.o
                0x080027b4                BusFault_Handler
 .text.UsageFault_Handler
                0x080027bc        0x8 ./Core/Src/stm32f4xx_it.o
                0x080027bc                UsageFault_Handler
 .text.SVC_Handler
                0x080027c4        0xe ./Core/Src/stm32f4xx_it.o
                0x080027c4                SVC_Handler
 .text.DebugMon_Handler
                0x080027d2        0xe ./Core/Src/stm32f4xx_it.o
                0x080027d2                DebugMon_Handler
 .text.PendSV_Handler
                0x080027e0        0xe ./Core/Src/stm32f4xx_it.o
                0x080027e0                PendSV_Handler
 .text.SysTick_Handler
                0x080027ee        0xc ./Core/Src/stm32f4xx_it.o
                0x080027ee                SysTick_Handler
 *fill*         0x080027fa        0x2 
 .text.DMA1_Stream1_IRQHandler
                0x080027fc       0x14 ./Core/Src/stm32f4xx_it.o
                0x080027fc                DMA1_Stream1_IRQHandler
 .text.DMA1_Stream3_IRQHandler
                0x08002810       0x14 ./Core/Src/stm32f4xx_it.o
                0x08002810                DMA1_Stream3_IRQHandler
 .text.USART3_IRQHandler
                0x08002824       0x14 ./Core/Src/stm32f4xx_it.o
                0x08002824                USART3_IRQHandler
 .text.EXTI15_10_IRQHandler
                0x08002838       0x18 ./Core/Src/stm32f4xx_it.o
                0x08002838                EXTI15_10_IRQHandler
 .text.DMA2_Stream1_IRQHandler
                0x08002850       0x14 ./Core/Src/stm32f4xx_it.o
                0x08002850                DMA2_Stream1_IRQHandler
 .text.DMA2_Stream6_IRQHandler
                0x08002864       0x14 ./Core/Src/stm32f4xx_it.o
                0x08002864                DMA2_Stream6_IRQHandler
 .text.USART6_IRQHandler
                0x08002878       0x18 ./Core/Src/stm32f4xx_it.o
                0x08002878                USART6_IRQHandler
 .text._sbrk    0x08002890       0x6c ./Core/Src/sysmem.o
                0x08002890                _sbrk
 .text.SystemInit
                0x080028fc       0x24 ./Core/Src/system_stm32f4xx.o
                0x080028fc                SystemInit
 .text.Reset_Handler
                0x08002920       0x50 ./Core/Startup/startup_stm32f439zitx.o
                0x08002920                Reset_Handler
 .text.Default_Handler
                0x08002970        0x2 ./Core/Startup/startup_stm32f439zitx.o
                0x08002970                RTC_Alarm_IRQHandler
                0x08002970                HASH_RNG_IRQHandler
                0x08002970                EXTI2_IRQHandler
                0x08002970                TIM8_CC_IRQHandler
                0x08002970                UART8_IRQHandler
                0x08002970                SPI4_IRQHandler
                0x08002970                TIM1_CC_IRQHandler
                0x08002970                DMA2_Stream5_IRQHandler
                0x08002970                DMA1_Stream5_IRQHandler
                0x08002970                PVD_IRQHandler
                0x08002970                SDIO_IRQHandler
                0x08002970                TAMP_STAMP_IRQHandler
                0x08002970                CAN2_RX1_IRQHandler
                0x08002970                EXTI3_IRQHandler
                0x08002970                TIM8_TRG_COM_TIM14_IRQHandler
                0x08002970                TIM1_UP_TIM10_IRQHandler
                0x08002970                TIM8_UP_TIM13_IRQHandler
                0x08002970                I2C3_ER_IRQHandler
                0x08002970                EXTI0_IRQHandler
                0x08002970                I2C2_EV_IRQHandler
                0x08002970                DMA1_Stream2_IRQHandler
                0x08002970                CAN1_RX0_IRQHandler
                0x08002970                FPU_IRQHandler
                0x08002970                OTG_HS_WKUP_IRQHandler
                0x08002970                LTDC_ER_IRQHandler
                0x08002970                CAN2_SCE_IRQHandler
                0x08002970                DMA2_Stream2_IRQHandler
                0x08002970                SPI1_IRQHandler
                0x08002970                TIM6_DAC_IRQHandler
                0x08002970                TIM1_BRK_TIM9_IRQHandler
                0x08002970                DCMI_IRQHandler
                0x08002970                CAN2_RX0_IRQHandler
                0x08002970                DMA2_Stream3_IRQHandler
                0x08002970                CRYP_IRQHandler
                0x08002970                CAN1_RX1_IRQHandler
                0x08002970                UART5_IRQHandler
                0x08002970                DMA2_Stream0_IRQHandler
                0x08002970                TIM4_IRQHandler
                0x08002970                I2C1_EV_IRQHandler
                0x08002970                DMA1_Stream6_IRQHandler
                0x08002970                UART4_IRQHandler
                0x08002970                TIM3_IRQHandler
                0x08002970                RCC_IRQHandler
                0x08002970                TIM8_BRK_TIM12_IRQHandler
                0x08002970                Default_Handler
                0x08002970                ADC_IRQHandler
                0x08002970                DMA1_Stream7_IRQHandler
                0x08002970                SPI5_IRQHandler
                0x08002970                TIM7_IRQHandler
                0x08002970                CAN2_TX_IRQHandler
                0x08002970                TIM5_IRQHandler
                0x08002970                DMA2_Stream7_IRQHandler
                0x08002970                I2C3_EV_IRQHandler
                0x08002970                EXTI9_5_IRQHandler
                0x08002970                RTC_WKUP_IRQHandler
                0x08002970                LTDC_IRQHandler
                0x08002970                ETH_WKUP_IRQHandler
                0x08002970                SPI2_IRQHandler
                0x08002970                OTG_HS_EP1_IN_IRQHandler
                0x08002970                DMA1_Stream0_IRQHandler
                0x08002970                CAN1_TX_IRQHandler
                0x08002970                EXTI4_IRQHandler
                0x08002970                ETH_IRQHandler
                0x08002970                OTG_HS_EP1_OUT_IRQHandler
                0x08002970                WWDG_IRQHandler
                0x08002970                SPI6_IRQHandler
                0x08002970                TIM2_IRQHandler
                0x08002970                OTG_FS_WKUP_IRQHandler
                0x08002970                TIM1_TRG_COM_TIM11_IRQHandler
                0x08002970                OTG_HS_IRQHandler
                0x08002970                DMA2D_IRQHandler
                0x08002970                EXTI1_IRQHandler
                0x08002970                UART7_IRQHandler
                0x08002970                USART2_IRQHandler
                0x08002970                I2C2_ER_IRQHandler
                0x08002970                CAN1_SCE_IRQHandler
                0x08002970                FLASH_IRQHandler
                0x08002970                DMA2_Stream4_IRQHandler
                0x08002970                USART1_IRQHandler
                0x08002970                OTG_FS_IRQHandler
                0x08002970                SPI3_IRQHandler
                0x08002970                DMA1_Stream4_IRQHandler
                0x08002970                I2C1_ER_IRQHandler
                0x08002970                FMC_IRQHandler
                0x08002970                SAI1_IRQHandler
 *fill*         0x08002972        0x2 
 .text.HAL_Init
                0x08002974       0x44 ./Drivers/STM32F4xx_HAL_Driver/Src/stm32f4xx_hal.o
                0x08002974                HAL_Init
 .text.HAL_InitTick
                0x080029b8       0x60 ./Drivers/STM32F4xx_HAL_Driver/Src/stm32f4xx_hal.o
                0x080029b8                HAL_InitTick
 .text.HAL_IncTick
                0x08002a18       0x28 ./Drivers/STM32F4xx_HAL_Driver/Src/stm32f4xx_hal.o
                0x08002a18                HAL_IncTick
 .text.HAL_GetTick
                0x08002a40       0x18 ./Drivers/STM32F4xx_HAL_Driver/Src/stm32f4xx_hal.o
                0x08002a40                HAL_GetTick
 .text.HAL_Delay
                0x08002a58       0x48 ./Drivers/STM32F4xx_HAL_Driver/Src/stm32f4xx_hal.o
                0x08002a58                HAL_Delay
 .text.__NVIC_SetPriorityGrouping
                0x08002aa0       0x48 ./Drivers/STM32F4xx_HAL_Driver/Src/stm32f4xx_hal_cortex.o
 .text.__NVIC_GetPriorityGrouping
                0x08002ae8       0x1c ./Drivers/STM32F4xx_HAL_Driver/Src/stm32f4xx_hal_cortex.o
 .text.__NVIC_EnableIRQ
                0x08002b04       0x3c ./Drivers/STM32F4xx_HAL_Driver/Src/stm32f4xx_hal_cortex.o
 .text.__NVIC_SetPriority
                0x08002b40       0x54 ./Drivers/STM32F4xx_HAL_Driver/Src/stm32f4xx_hal_cortex.o
 .text.NVIC_EncodePriority
                0x08002b94       0x66 ./Drivers/STM32F4xx_HAL_Driver/Src/stm32f4xx_hal_cortex.o
 *fill*         0x08002bfa        0x2 
 .text.SysTick_Config
                0x08002bfc       0x44 ./Drivers/STM32F4xx_HAL_Driver/Src/stm32f4xx_hal_cortex.o
 .text.HAL_NVIC_SetPriorityGrouping
                0x08002c40       0x16 ./Drivers/STM32F4xx_HAL_Driver/Src/stm32f4xx_hal_cortex.o
                0x08002c40                HAL_NVIC_SetPriorityGrouping
 .text.HAL_NVIC_SetPriority
                0x08002c56       0x38 ./Drivers/STM32F4xx_HAL_Driver/Src/stm32f4xx_hal_cortex.o
                0x08002c56                HAL_NVIC_SetPriority
 .text.HAL_NVIC_EnableIRQ
                0x08002c8e       0x1c ./Drivers/STM32F4xx_HAL_Driver/Src/stm32f4xx_hal_cortex.o
                0x08002c8e                HAL_NVIC_EnableIRQ
 .text.HAL_SYSTICK_Config
                0x08002caa       0x18 ./Drivers/STM32F4xx_HAL_Driver/Src/stm32f4xx_hal_cortex.o
                0x08002caa                HAL_SYSTICK_Config
 *fill*         0x08002cc2        0x2 
 .text.HAL_DMA_Init
                0x08002cc4      0x15c ./Drivers/STM32F4xx_HAL_Driver/Src/stm32f4xx_hal_dma.o
                0x08002cc4                HAL_DMA_Init
 .text.HAL_DMA_Start_IT
                0x08002e20       0xb0 ./Drivers/STM32F4xx_HAL_Driver/Src/stm32f4xx_hal_dma.o
                0x08002e20                HAL_DMA_Start_IT
 .text.HAL_DMA_Abort
                0x08002ed0       0xe0 ./Drivers/STM32F4xx_HAL_Driver/Src/stm32f4xx_hal_dma.o
                0x08002ed0                HAL_DMA_Abort
 .text.HAL_DMA_Abort_IT
                0x08002fb0       0x44 ./Drivers/STM32F4xx_HAL_Driver/Src/stm32f4xx_hal_dma.o
                0x08002fb0                HAL_DMA_Abort_IT
 .text.HAL_DMA_IRQHandler
                0x08002ff4      0x314 ./Drivers/STM32F4xx_HAL_Driver/Src/stm32f4xx_hal_dma.o
                0x08002ff4                HAL_DMA_IRQHandler
 .text.HAL_DMA_GetError
                0x08003308       0x18 ./Drivers/STM32F4xx_HAL_Driver/Src/stm32f4xx_hal_dma.o
                0x08003308                HAL_DMA_GetError
 .text.DMA_SetConfig
                0x08003320       0x5c ./Drivers/STM32F4xx_HAL_Driver/Src/stm32f4xx_hal_dma.o
 .text.DMA_CalcBaseAndBitshift
                0x0800337c       0x6c ./Drivers/STM32F4xx_HAL_Driver/Src/stm32f4xx_hal_dma.o
 .text.DMA_CheckFifoParam
                0x080033e8       0xf8 ./Drivers/STM32F4xx_HAL_Driver/Src/stm32f4xx_hal_dma.o
 .text.HAL_GPIO_Init
                0x080034e0      0x358 ./Drivers/STM32F4xx_HAL_Driver/Src/stm32f4xx_hal_gpio.o
                0x080034e0                HAL_GPIO_Init
 .text.HAL_GPIO_ReadPin
                0x08003838       0x30 ./Drivers/STM32F4xx_HAL_Driver/Src/stm32f4xx_hal_gpio.o
                0x08003838                HAL_GPIO_ReadPin
 .text.HAL_GPIO_WritePin
                0x08003868       0x32 ./Drivers/STM32F4xx_HAL_Driver/Src/stm32f4xx_hal_gpio.o
                0x08003868                HAL_GPIO_WritePin
 .text.HAL_GPIO_TogglePin
                0x0800389a       0x34 ./Drivers/STM32F4xx_HAL_Driver/Src/stm32f4xx_hal_gpio.o
                0x0800389a                HAL_GPIO_TogglePin
 *fill*         0x080038ce        0x2 
 .text.HAL_GPIO_EXTI_IRQHandler
                0x080038d0       0x30 ./Drivers/STM32F4xx_HAL_Driver/Src/stm32f4xx_hal_gpio.o
                0x080038d0                HAL_GPIO_EXTI_IRQHandler
 .text.HAL_RCC_OscConfig
                0x08003900      0x4f0 ./Drivers/STM32F4xx_HAL_Driver/Src/stm32f4xx_hal_rcc.o
                0x08003900                HAL_RCC_OscConfig
 .text.HAL_RCC_ClockConfig
                0x08003df0      0x1cc ./Drivers/STM32F4xx_HAL_Driver/Src/stm32f4xx_hal_rcc.o
                0x08003df0                HAL_RCC_ClockConfig
 .text.HAL_RCC_GetSysClockFreq
                0x08003fbc      0x18c ./Drivers/STM32F4xx_HAL_Driver/Src/stm32f4xx_hal_rcc.o
                0x08003fbc                HAL_RCC_GetSysClockFreq
 .text.HAL_RCC_GetHCLKFreq
                0x08004148       0x18 ./Drivers/STM32F4xx_HAL_Driver/Src/stm32f4xx_hal_rcc.o
                0x08004148                HAL_RCC_GetHCLKFreq
 .text.HAL_RCC_GetPCLK1Freq
                0x08004160       0x28 ./Drivers/STM32F4xx_HAL_Driver/Src/stm32f4xx_hal_rcc.o
                0x08004160                HAL_RCC_GetPCLK1Freq
 .text.HAL_RCC_GetPCLK2Freq
                0x08004188       0x28 ./Drivers/STM32F4xx_HAL_Driver/Src/stm32f4xx_hal_rcc.o
                0x08004188                HAL_RCC_GetPCLK2Freq
 .text.HAL_SPI_Init
                0x080041b0      0x112 ./Drivers/STM32F4xx_HAL_Driver/Src/stm32f4xx_hal_spi.o
                0x080041b0                HAL_SPI_Init
 .text.HAL_UART_Init
                0x080042c2       0xa0 ./Drivers/STM32F4xx_HAL_Driver/Src/stm32f4xx_hal_uart.o
                0x080042c2                HAL_UART_Init
 .text.HAL_UART_Transmit
                0x08004362      0x116 ./Drivers/STM32F4xx_HAL_Driver/Src/stm32f4xx_hal_uart.o
                0x08004362                HAL_UART_Transmit
 .text.HAL_UART_Transmit_DMA
                0x08004478       0xf8 ./Drivers/STM32F4xx_HAL_Driver/Src/stm32f4xx_hal_uart.o
                0x08004478                HAL_UART_Transmit_DMA
 .text.HAL_UART_Receive_DMA
                0x08004570       0x4a ./Drivers/STM32F4xx_HAL_Driver/Src/stm32f4xx_hal_uart.o
                0x08004570                HAL_UART_Receive_DMA
 .text.HAL_UART_DMAStop
                0x080045ba       0xfe ./Drivers/STM32F4xx_HAL_Driver/Src/stm32f4xx_hal_uart.o
                0x080045ba                HAL_UART_DMAStop
 .text.HAL_UART_Abort
                0x080046b8      0x1d6 ./Drivers/STM32F4xx_HAL_Driver/Src/stm32f4xx_hal_uart.o
                0x080046b8                HAL_UART_Abort
 *fill*         0x0800488e        0x2 
 .text.HAL_UART_IRQHandler
                0x08004890      0x554 ./Drivers/STM32F4xx_HAL_Driver/Src/stm32f4xx_hal_uart.o
                0x08004890                HAL_UART_IRQHandler
 .text.HAL_UARTEx_RxEventCallback
                0x08004de4       0x18 ./Drivers/STM32F4xx_HAL_Driver/Src/stm32f4xx_hal_uart.o
                0x08004de4                HAL_UARTEx_RxEventCallback
 .text.UART_DMATransmitCplt
                0x08004dfc       0x9a ./Drivers/STM32F4xx_HAL_Driver/Src/stm32f4xx_hal_uart.o
 .text.UART_DMATxHalfCplt
                0x08004e96       0x1c ./Drivers/STM32F4xx_HAL_Driver/Src/stm32f4xx_hal_uart.o
 .text.UART_DMAReceiveCplt
                0x08004eb2      0x12c ./Drivers/STM32F4xx_HAL_Driver/Src/stm32f4xx_hal_uart.o
 .text.UART_DMARxHalfCplt
                0x08004fde       0x3c ./Drivers/STM32F4xx_HAL_Driver/Src/stm32f4xx_hal_uart.o
 .text.UART_DMAError
                0x0800501a       0x94 ./Drivers/STM32F4xx_HAL_Driver/Src/stm32f4xx_hal_uart.o
 .text.UART_WaitOnFlagUntilTimeout
                0x080050ae       0xb2 ./Drivers/STM32F4xx_HAL_Driver/Src/stm32f4xx_hal_uart.o
 .text.UART_Start_Receive_DMA
                0x08005160      0x14c ./Drivers/STM32F4xx_HAL_Driver/Src/stm32f4xx_hal_uart.o
                0x08005160                UART_Start_Receive_DMA
 .text.UART_EndTxTransfer
                0x080052ac       0x50 ./Drivers/STM32F4xx_HAL_Driver/Src/stm32f4xx_hal_uart.o
 .text.UART_EndRxTransfer
                0x080052fc       0xc6 ./Drivers/STM32F4xx_HAL_Driver/Src/stm32f4xx_hal_uart.o
 .text.UART_DMAAbortOnError
                0x080053c2       0x22 ./Drivers/STM32F4xx_HAL_Driver/Src/stm32f4xx_hal_uart.o
 .text.UART_Transmit_IT
                0x080053e4       0xa0 ./Drivers/STM32F4xx_HAL_Driver/Src/stm32f4xx_hal_uart.o
 .text.UART_EndTransmit_IT
                0x08005484       0x30 ./Drivers/STM32F4xx_HAL_Driver/Src/stm32f4xx_hal_uart.o
 .text.UART_Receive_IT
                0x080054b4      0x17c ./Drivers/STM32F4xx_HAL_Driver/Src/stm32f4xx_hal_uart.o
 .text.UART_SetConfig
                0x08005630      0x4e8 ./Drivers/STM32F4xx_HAL_Driver/Src/stm32f4xx_hal_uart.o
 .text.malloc   0x08005b18       0x10 C:/ST/STM32CubeIDE_1.17.0/STM32CubeIDE/plugins/com.st.stm32cube.ide.mcu.externaltools.gnu-tools-for-stm32.12.3.rel1.win32_1.1.0.202410251130/tools/bin/../lib/gcc/arm-none-eabi/12.3.1/../../../../arm-none-eabi/lib/thumb/v7e-m+fp/hard\libc_nano.a(libc_a-malloc.o)
                0x08005b18                malloc
 .text.free     0x08005b28       0x10 C:/ST/STM32CubeIDE_1.17.0/STM32CubeIDE/plugins/com.st.stm32cube.ide.mcu.externaltools.gnu-tools-for-stm32.12.3.rel1.win32_1.1.0.202410251130/tools/bin/../lib/gcc/arm-none-eabi/12.3.1/../../../../arm-none-eabi/lib/thumb/v7e-m+fp/hard\libc_nano.a(libc_a-malloc.o)
                0x08005b28                free
 .text.sbrk_aligned
                0x08005b38       0x44 C:/ST/STM32CubeIDE_1.17.0/STM32CubeIDE/plugins/com.st.stm32cube.ide.mcu.externaltools.gnu-tools-for-stm32.12.3.rel1.win32_1.1.0.202410251130/tools/bin/../lib/gcc/arm-none-eabi/12.3.1/../../../../arm-none-eabi/lib/thumb/v7e-m+fp/hard\libc_nano.a(libc_a-mallocr.o)
 .text._malloc_r
                0x08005b7c      0x100 C:/ST/STM32CubeIDE_1.17.0/STM32CubeIDE/plugins/com.st.stm32cube.ide.mcu.externaltools.gnu-tools-for-stm32.12.3.rel1.win32_1.1.0.202410251130/tools/bin/../lib/gcc/arm-none-eabi/12.3.1/../../../../arm-none-eabi/lib/thumb/v7e-m+fp/hard\libc_nano.a(libc_a-mallocr.o)
                0x08005b7c                _malloc_r
 .text.__malloc_lock
                0x08005c7c        0xc C:/ST/STM32CubeIDE_1.17.0/STM32CubeIDE/plugins/com.st.stm32cube.ide.mcu.externaltools.gnu-tools-for-stm32.12.3.rel1.win32_1.1.0.202410251130/tools/bin/../lib/gcc/arm-none-eabi/12.3.1/../../../../arm-none-eabi/lib/thumb/v7e-m+fp/hard\libc_nano.a(libc_a-mlock.o)
                0x08005c7c                __malloc_lock
 .text.__malloc_unlock
                0x08005c88        0xc C:/ST/STM32CubeIDE_1.17.0/STM32CubeIDE/plugins/com.st.stm32cube.ide.mcu.externaltools.gnu-tools-for-stm32.12.3.rel1.win32_1.1.0.202410251130/tools/bin/../lib/gcc/arm-none-eabi/12.3.1/../../../../arm-none-eabi/lib/thumb/v7e-m+fp/hard\libc_nano.a(libc_a-mlock.o)
                0x08005c88                __malloc_unlock
 .text._vsnprintf_r
                0x08005c94       0x56 C:/ST/STM32CubeIDE_1.17.0/STM32CubeIDE/plugins/com.st.stm32cube.ide.mcu.externaltools.gnu-tools-for-stm32.12.3.rel1.win32_1.1.0.202410251130/tools/bin/../lib/gcc/arm-none-eabi/12.3.1/../../../../arm-none-eabi/lib/thumb/v7e-m+fp/hard\libc_nano.a(libc_a-vsnprintf.o)
                0x08005c94                _vsniprintf_r
                0x08005c94                _vsnprintf_r
 *fill*         0x08005cea        0x2 
 .text.vsnprintf
                0x08005cec       0x1c C:/ST/STM32CubeIDE_1.17.0/STM32CubeIDE/plugins/com.st.stm32cube.ide.mcu.externaltools.gnu-tools-for-stm32.12.3.rel1.win32_1.1.0.202410251130/tools/bin/../lib/gcc/arm-none-eabi/12.3.1/../../../../arm-none-eabi/lib/thumb/v7e-m+fp/hard\libc_nano.a(libc_a-vsnprintf.o)
                0x08005cec                vsniprintf
                0x08005cec                vsnprintf
 .text.memset   0x08005d08       0x10 C:/ST/STM32CubeIDE_1.17.0/STM32CubeIDE/plugins/com.st.stm32cube.ide.mcu.externaltools.gnu-tools-for-stm32.12.3.rel1.win32_1.1.0.202410251130/tools/bin/../lib/gcc/arm-none-eabi/12.3.1/../../../../arm-none-eabi/lib/thumb/v7e-m+fp/hard\libc_nano.a(libc_a-memset.o)
                0x08005d08                memset
 .text._sbrk_r  0x08005d18       0x20 C:/ST/STM32CubeIDE_1.17.0/STM32CubeIDE/plugins/com.st.stm32cube.ide.mcu.externaltools.gnu-tools-for-stm32.12.3.rel1.win32_1.1.0.202410251130/tools/bin/../lib/gcc/arm-none-eabi/12.3.1/../../../../arm-none-eabi/lib/thumb/v7e-m+fp/hard\libc_nano.a(libc_a-sbrkr.o)
                0x08005d18                _sbrk_r
 .text.__errno  0x08005d38        0xc C:/ST/STM32CubeIDE_1.17.0/STM32CubeIDE/plugins/com.st.stm32cube.ide.mcu.externaltools.gnu-tools-for-stm32.12.3.rel1.win32_1.1.0.202410251130/tools/bin/../lib/gcc/arm-none-eabi/12.3.1/../../../../arm-none-eabi/lib/thumb/v7e-m+fp/hard\libc_nano.a(libc_a-errno.o)
                0x08005d38                __errno
 .text.__libc_init_array
                0x08005d44       0x48 C:/ST/STM32CubeIDE_1.17.0/STM32CubeIDE/plugins/com.st.stm32cube.ide.mcu.externaltools.gnu-tools-for-stm32.12.3.rel1.win32_1.1.0.202410251130/tools/bin/../lib/gcc/arm-none-eabi/12.3.1/../../../../arm-none-eabi/lib/thumb/v7e-m+fp/hard\libc_nano.a(libc_a-init.o)
                0x08005d44                __libc_init_array
 .text.__retarget_lock_acquire_recursive
                0x08005d8c        0x2 C:/ST/STM32CubeIDE_1.17.0/STM32CubeIDE/plugins/com.st.stm32cube.ide.mcu.externaltools.gnu-tools-for-stm32.12.3.rel1.win32_1.1.0.202410251130/tools/bin/../lib/gcc/arm-none-eabi/12.3.1/../../../../arm-none-eabi/lib/thumb/v7e-m+fp/hard\libc_nano.a(libc_a-lock.o)
                0x08005d8c                __retarget_lock_acquire_recursive
 .text.__retarget_lock_release_recursive
                0x08005d8e        0x2 C:/ST/STM32CubeIDE_1.17.0/STM32CubeIDE/plugins/com.st.stm32cube.ide.mcu.externaltools.gnu-tools-for-stm32.12.3.rel1.win32_1.1.0.202410251130/tools/bin/../lib/gcc/arm-none-eabi/12.3.1/../../../../arm-none-eabi/lib/thumb/v7e-m+fp/hard\libc_nano.a(libc_a-lock.o)
                0x08005d8e                __retarget_lock_release_recursive
 .text.memcpy   0x08005d90       0x1c C:/ST/STM32CubeIDE_1.17.0/STM32CubeIDE/plugins/com.st.stm32cube.ide.mcu.externaltools.gnu-tools-for-stm32.12.3.rel1.win32_1.1.0.202410251130/tools/bin/../lib/gcc/arm-none-eabi/12.3.1/../../../../arm-none-eabi/lib/thumb/v7e-m+fp/hard\libc_nano.a(libc_a-memcpy-stub.o)
                0x08005d90                memcpy
 .text._free_r  0x08005dac       0x94 C:/ST/STM32CubeIDE_1.17.0/STM32CubeIDE/plugins/com.st.stm32cube.ide.mcu.externaltools.gnu-tools-for-stm32.12.3.rel1.win32_1.1.0.202410251130/tools/bin/../lib/gcc/arm-none-eabi/12.3.1/../../../../arm-none-eabi/lib/thumb/v7e-m+fp/hard\libc_nano.a(libc_a-freer.o)
                0x08005dac                _free_r
 .text.__ssputs_r
                0x08005e40       0xb6 C:/ST/STM32CubeIDE_1.17.0/STM32CubeIDE/plugins/com.st.stm32cube.ide.mcu.externaltools.gnu-tools-for-stm32.12.3.rel1.win32_1.1.0.202410251130/tools/bin/../lib/gcc/arm-none-eabi/12.3.1/../../../../arm-none-eabi/lib/thumb/v7e-m+fp/hard\libc_nano.a(libc_a-nano-svfprintf.o)
                0x08005e40                __ssputs_r
 *fill*         0x08005ef6        0x2 
 .text._svfprintf_r
                0x08005ef8      0x1f8 C:/ST/STM32CubeIDE_1.17.0/STM32CubeIDE/plugins/com.st.stm32cube.ide.mcu.externaltools.gnu-tools-for-stm32.12.3.rel1.win32_1.1.0.202410251130/tools/bin/../lib/gcc/arm-none-eabi/12.3.1/../../../../arm-none-eabi/lib/thumb/v7e-m+fp/hard\libc_nano.a(libc_a-nano-svfprintf.o)
                0x08005ef8                _svfiprintf_r
                0x08005ef8                _svfprintf_r
 .text._printf_common
                0x080060f0       0xda C:/ST/STM32CubeIDE_1.17.0/STM32CubeIDE/plugins/com.st.stm32cube.ide.mcu.externaltools.gnu-tools-for-stm32.12.3.rel1.win32_1.1.0.202410251130/tools/bin/../lib/gcc/arm-none-eabi/12.3.1/../../../../arm-none-eabi/lib/thumb/v7e-m+fp/hard\libc_nano.a(libc_a-nano-vfprintf_i.o)
                0x080060f0                _printf_common
 *fill*         0x080061ca        0x2 
 .text._printf_i
                0x080061cc      0x240 C:/ST/STM32CubeIDE_1.17.0/STM32CubeIDE/plugins/com.st.stm32cube.ide.mcu.externaltools.gnu-tools-for-stm32.12.3.rel1.win32_1.1.0.202410251130/tools/bin/../lib/gcc/arm-none-eabi/12.3.1/../../../../arm-none-eabi/lib/thumb/v7e-m+fp/hard\libc_nano.a(libc_a-nano-vfprintf_i.o)
                0x080061cc                _printf_i
 .text.memmove  0x0800640c       0x34 C:/ST/STM32CubeIDE_1.17.0/STM32CubeIDE/plugins/com.st.stm32cube.ide.mcu.externaltools.gnu-tools-for-stm32.12.3.rel1.win32_1.1.0.202410251130/tools/bin/../lib/gcc/arm-none-eabi/12.3.1/../../../../arm-none-eabi/lib/thumb/v7e-m+fp/hard\libc_nano.a(libc_a-memmove.o)
                0x0800640c                memmove
 .text._realloc_r
                0x08006440       0x5c C:/ST/STM32CubeIDE_1.17.0/STM32CubeIDE/plugins/com.st.stm32cube.ide.mcu.externaltools.gnu-tools-for-stm32.12.3.rel1.win32_1.1.0.202410251130/tools/bin/../lib/gcc/arm-none-eabi/12.3.1/../../../../arm-none-eabi/lib/thumb/v7e-m+fp/hard\libc_nano.a(libc_a-reallocr.o)
                0x08006440                _realloc_r
 .text._malloc_usable_size_r
                0x0800649c       0x10 C:/ST/STM32CubeIDE_1.17.0/STM32CubeIDE/plugins/com.st.stm32cube.ide.mcu.externaltools.gnu-tools-for-stm32.12.3.rel1.win32_1.1.0.202410251130/tools/bin/../lib/gcc/arm-none-eabi/12.3.1/../../../../arm-none-eabi/lib/thumb/v7e-m+fp/hard\libc_nano.a(libc_a-msizer.o)
                0x0800649c                _malloc_usable_size_r
 *(.glue_7)
 .glue_7        0x080064ac        0x0 linker stubs
 *(.glue_7t)
 .glue_7t       0x080064ac        0x0 linker stubs
 *(.eh_frame)
 .eh_frame      0x080064ac        0x0 C:/ST/STM32CubeIDE_1.17.0/STM32CubeIDE/plugins/com.st.stm32cube.ide.mcu.externaltools.gnu-tools-for-stm32.12.3.rel1.win32_1.1.0.202410251130/tools/bin/../lib/gcc/arm-none-eabi/12.3.1/thumb/v7e-m+fp/hard/crtbegin.o
 *(.init)
 .init          0x080064ac        0x4 C:/ST/STM32CubeIDE_1.17.0/STM32CubeIDE/plugins/com.st.stm32cube.ide.mcu.externaltools.gnu-tools-for-stm32.12.3.rel1.win32_1.1.0.202410251130/tools/bin/../lib/gcc/arm-none-eabi/12.3.1/thumb/v7e-m+fp/hard/crti.o
                0x080064ac                _init
 .init          0x080064b0        0x8 C:/ST/STM32CubeIDE_1.17.0/STM32CubeIDE/plugins/com.st.stm32cube.ide.mcu.externaltools.gnu-tools-for-stm32.12.3.rel1.win32_1.1.0.202410251130/tools/bin/../lib/gcc/arm-none-eabi/12.3.1/thumb/v7e-m+fp/hard/crtn.o
 *(.fini)
 .fini          0x080064b8        0x4 C:/ST/STM32CubeIDE_1.17.0/STM32CubeIDE/plugins/com.st.stm32cube.ide.mcu.externaltools.gnu-tools-for-stm32.12.3.rel1.win32_1.1.0.202410251130/tools/bin/../lib/gcc/arm-none-eabi/12.3.1/thumb/v7e-m+fp/hard/crti.o
                0x080064b8                _fini
 .fini          0x080064bc        0x8 C:/ST/STM32CubeIDE_1.17.0/STM32CubeIDE/plugins/com.st.stm32cube.ide.mcu.externaltools.gnu-tools-for-stm32.12.3.rel1.win32_1.1.0.202410251130/tools/bin/../lib/gcc/arm-none-eabi/12.3.1/thumb/v7e-m+fp/hard/crtn.o
                0x080064c4                        . = ALIGN (0x4)
                0x080064c4                        _etext = .

.vfp11_veneer   0x080064c4        0x0
 .vfp11_veneer  0x080064c4        0x0 linker stubs

.v4_bx          0x080064c4        0x0
 .v4_bx         0x080064c4        0x0 linker stubs

.iplt           0x080064c4        0x0
 .iplt          0x080064c4        0x0 C:/ST/STM32CubeIDE_1.17.0/STM32CubeIDE/plugins/com.st.stm32cube.ide.mcu.externaltools.gnu-tools-for-stm32.12.3.rel1.win32_1.1.0.202410251130/tools/bin/../lib/gcc/arm-none-eabi/12.3.1/thumb/v7e-m+fp/hard/crtbegin.o

.rodata         0x080064c4      0xedc
                0x080064c4                        . = ALIGN (0x4)
 *(.rodata)
 .rodata        0x080064c4       0x22 ./Core/Src/fpc_hal.o
 *fill*         0x080064e6        0x2 
 .rodata        0x080064e8      0xc6f ./Core/Src/fpc_host_sample.o
 *fill*         0x08007157        0x1 
 .rodata        0x08007158      0x1c9 ./Core/Src/main.o
 *(.rodata*)
 *fill*         0x08007321        0x3 
 .rodata.cmd_cb
                0x08007324       0x28 ./Core/Src/main.o
 .rodata.AHBPrescTable
                0x0800734c       0x10 ./Core/Src/system_stm32f4xx.o
                0x0800734c                AHBPrescTable
 .rodata.APBPrescTable
                0x0800735c        0x8 ./Core/Src/system_stm32f4xx.o
                0x0800735c                APBPrescTable
 .rodata.flagBitshiftOffset.0
                0x08007364        0x8 ./Drivers/STM32F4xx_HAL_Driver/Src/stm32f4xx_hal_dma.o
 .rodata._svfprintf_r.str1.1
                0x0800736c       0x11 C:/ST/STM32CubeIDE_1.17.0/STM32CubeIDE/plugins/com.st.stm32cube.ide.mcu.externaltools.gnu-tools-for-stm32.12.3.rel1.win32_1.1.0.202410251130/tools/bin/../lib/gcc/arm-none-eabi/12.3.1/../../../../arm-none-eabi/lib/thumb/v7e-m+fp/hard\libc_nano.a(libc_a-nano-svfprintf.o)
 .rodata._printf_i.str1.1
                0x0800737d       0x22 C:/ST/STM32CubeIDE_1.17.0/STM32CubeIDE/plugins/com.st.stm32cube.ide.mcu.externaltools.gnu-tools-for-stm32.12.3.rel1.win32_1.1.0.202410251130/tools/bin/../lib/gcc/arm-none-eabi/12.3.1/../../../../arm-none-eabi/lib/thumb/v7e-m+fp/hard\libc_nano.a(libc_a-nano-vfprintf_i.o)
                0x080073a0                        . = ALIGN (0x4)
 *fill*         0x0800739f        0x1 

.ARM.extab      0x080073a0        0x0
                0x080073a0                        . = ALIGN (0x4)
 *(.ARM.extab* .gnu.linkonce.armextab.*)
                0x080073a0                        . = ALIGN (0x4)

.ARM            0x080073a0        0x8
                0x080073a0                        . = ALIGN (0x4)
                0x080073a0                        __exidx_start = .
 *(.ARM.exidx*)
 .ARM.exidx     0x080073a0        0x8 C:/ST/STM32CubeIDE_1.17.0/STM32CubeIDE/plugins/com.st.stm32cube.ide.mcu.externaltools.gnu-tools-for-stm32.12.3.rel1.win32_1.1.0.202410251130/tools/bin/../lib/gcc/arm-none-eabi/12.3.1/../../../../arm-none-eabi/lib/thumb/v7e-m+fp/hard\libc_nano.a(libc_a-strlen.o)
 .ARM.exidx     0x080073a8        0x0 C:/ST/STM32CubeIDE_1.17.0/STM32CubeIDE/plugins/com.st.stm32cube.ide.mcu.externaltools.gnu-tools-for-stm32.12.3.rel1.win32_1.1.0.202410251130/tools/bin/../lib/gcc/arm-none-eabi/12.3.1/../../../../arm-none-eabi/lib/thumb/v7e-m+fp/hard\libc_nano.a(libc_a-memchr.o)
                                  0x8 (size before relaxing)
 .ARM.exidx     0x080073a8        0x0 C:/ST/STM32CubeIDE_1.17.0/STM32CubeIDE/plugins/com.st.stm32cube.ide.mcu.externaltools.gnu-tools-for-stm32.12.3.rel1.win32_1.1.0.202410251130/tools/bin/../lib/gcc/arm-none-eabi/12.3.1/thumb/v7e-m+fp/hard\libgcc.a(_udivmoddi4.o)
                                  0x8 (size before relaxing)
                0x080073a8                        __exidx_end = .
                0x080073a8                        . = ALIGN (0x4)

.preinit_array  0x080073a8        0x0
                0x080073a8                        . = ALIGN (0x4)
                0x080073a8                        PROVIDE (__preinit_array_start = .)
 *(.preinit_array*)
                0x080073a8                        PROVIDE (__preinit_array_end = .)
                0x080073a8                        . = ALIGN (0x4)

.init_array     0x080073a8        0x4
                0x080073a8                        . = ALIGN (0x4)
                0x080073a8                        PROVIDE (__init_array_start = .)
 *(SORT_BY_NAME(.init_array.*))
 *(.init_array*)
 .init_array    0x080073a8        0x4 C:/ST/STM32CubeIDE_1.17.0/STM32CubeIDE/plugins/com.st.stm32cube.ide.mcu.externaltools.gnu-tools-for-stm32.12.3.rel1.win32_1.1.0.202410251130/tools/bin/../lib/gcc/arm-none-eabi/12.3.1/thumb/v7e-m+fp/hard/crtbegin.o
                0x080073ac                        PROVIDE (__init_array_end = .)
                0x080073ac                        . = ALIGN (0x4)

.fini_array     0x080073ac        0x4
                0x080073ac                        . = ALIGN (0x4)
                [!provide]                        PROVIDE (__fini_array_start = .)
 *(SORT_BY_NAME(.fini_array.*))
 *(.fini_array*)
 .fini_array    0x080073ac        0x4 C:/ST/STM32CubeIDE_1.17.0/STM32CubeIDE/plugins/com.st.stm32cube.ide.mcu.externaltools.gnu-tools-for-stm32.12.3.rel1.win32_1.1.0.202410251130/tools/bin/../lib/gcc/arm-none-eabi/12.3.1/thumb/v7e-m+fp/hard/crtbegin.o
                [!provide]                        PROVIDE (__fini_array_end = .)
                0x080073b0                        . = ALIGN (0x4)
                0x080073b0                        _sidata = LOADADDR (.data)

.rel.dyn        0x080073b0        0x0
 .rel.iplt      0x080073b0        0x0 C:/ST/STM32CubeIDE_1.17.0/STM32CubeIDE/plugins/com.st.stm32cube.ide.mcu.externaltools.gnu-tools-for-stm32.12.3.rel1.win32_1.1.0.202410251130/tools/bin/../lib/gcc/arm-none-eabi/12.3.1/thumb/v7e-m+fp/hard/crtbegin.o

.data           0x20000000       0x74 load address 0x080073b0
                0x20000000                        . = ALIGN (0x4)
                0x20000000                        _sdata = .
 *(.data)
 *(.data*)
 .data.ignore_first_idle_irq
                0x20000000        0x1 ./Core/Src/fpc_hal.o
 *fill*         0x20000001        0x3 
 .data.dma_uart_rx
                0x20000004       0x10 ./Core/Src/fpc_hal.o
 .data.n_fingers_to_enroll
                0x20000014        0x4 ./Core/Src/main.o
 .data.SystemCoreClock
                0x20000018        0x4 ./Core/Src/system_stm32f4xx.o
                0x20000018                SystemCoreClock
 .data.uwTickPrio
                0x2000001c        0x4 ./Drivers/STM32F4xx_HAL_Driver/Src/stm32f4xx_hal.o
                0x2000001c                uwTickPrio
 .data.uwTickFreq
                0x20000020        0x1 ./Drivers/STM32F4xx_HAL_Driver/Src/stm32f4xx_hal.o
                0x20000020                uwTickFreq
 *fill*         0x20000021        0x3 
 .data._impure_ptr
                0x20000024        0x4 C:/ST/STM32CubeIDE_1.17.0/STM32CubeIDE/plugins/com.st.stm32cube.ide.mcu.externaltools.gnu-tools-for-stm32.12.3.rel1.win32_1.1.0.202410251130/tools/bin/../lib/gcc/arm-none-eabi/12.3.1/../../../../arm-none-eabi/lib/thumb/v7e-m+fp/hard\libc_nano.a(libc_a-impure.o)
                0x20000024                _impure_ptr
 .data._impure_data
                0x20000028       0x4c C:/ST/STM32CubeIDE_1.17.0/STM32CubeIDE/plugins/com.st.stm32cube.ide.mcu.externaltools.gnu-tools-for-stm32.12.3.rel1.win32_1.1.0.202410251130/tools/bin/../lib/gcc/arm-none-eabi/12.3.1/../../../../arm-none-eabi/lib/thumb/v7e-m+fp/hard\libc_nano.a(libc_a-impure.o)
                0x20000028                _impure_data
 *(.RamFunc)
 *(.RamFunc*)
                0x20000074                        . = ALIGN (0x4)
                0x20000074                        _edata = .
                0x08007424                        _siccmram = LOADADDR (.ccmram)

.igot.plt       0x20000074        0x0 load address 0x08007424
 .igot.plt      0x20000074        0x0 C:/ST/STM32CubeIDE_1.17.0/STM32CubeIDE/plugins/com.st.stm32cube.ide.mcu.externaltools.gnu-tools-for-stm32.12.3.rel1.win32_1.1.0.202410251130/tools/bin/../lib/gcc/arm-none-eabi/12.3.1/thumb/v7e-m+fp/hard/crtbegin.o

.ccmram         0x10000000        0x0 load address 0x08007424
                0x10000000                        . = ALIGN (0x4)
                0x10000000                        _sccmram = .
 *(.ccmram)
 *(.ccmram*)
                0x10000000                        . = ALIGN (0x4)
                0x10000000                        _eccmram = .
                0x10000000                        . = ALIGN (0x4)

.bss            0x20000074      0x4b0
                0x20000074                        _sbss = .
                0x20000074                        __bss_start__ = _sbss
 *(.bss)
 .bss           0x20000074       0x1c C:/ST/STM32CubeIDE_1.17.0/STM32CubeIDE/plugins/com.st.stm32cube.ide.mcu.externaltools.gnu-tools-for-stm32.12.3.rel1.win32_1.1.0.202410251130/tools/bin/../lib/gcc/arm-none-eabi/12.3.1/thumb/v7e-m+fp/hard/crtbegin.o
 *(.bss*)
 .bss.tx_done   0x20000090        0x1 ./Core/Src/fpc_hal.o
                0x20000090                tx_done
 .bss.tx_half   0x20000091        0x1 ./Core/Src/fpc_hal.o
 .bss.uart_error
                0x20000092        0x1 ./Core/Src/fpc_hal.o
 .bss.error     0x20000093        0x1 ./Core/Src/fpc_hal.o
 .bss.rx_available
                0x20000094        0x1 ./Core/Src/fpc_hal.o
 *fill*         0x20000095        0x3 
 .bss.uart_rx_fifo
                0x20000098       0x80 ./Core/Src/fpc_hal.o
 .bss.cmd_callbacks
                0x20000118       0x28 ./Core/Src/fpc_host_sample.o
 .bss.fpc2530_irq_active
                0x20000140        0x1 ./Core/Src/hal_common.o
                0x20000140                fpc2530_irq_active
 *fill*         0x20000141        0x3 
 .bss.button_down_start
                0x20000144        0x4 ./Core/Src/hal_common.o
 .bss.button_down_time
                0x20000148        0x4 ./Core/Src/hal_common.o
 .bss.button_down
                0x2000014c        0x1 ./Core/Src/hal_common.o
 *fill*         0x2000014d        0x3 
 .bss.quit      0x20000150        0x4 ./Core/Src/main.o
 .bss.app_state
                0x20000154        0x1 ./Core/Src/main.o
 *fill*         0x20000155        0x3 
 .bss.device_ready
                0x20000158        0x4 ./Core/Src/main.o
 .bss.version_read
                0x2000015c        0x4 ./Core/Src/main.o
 .bss.list_templates_done
                0x20000160        0x4 ./Core/Src/main.o
 .bss.device_state
                0x20000164        0x2 ./Core/Src/main.o
 *fill*         0x20000166        0x2 
 .bss.n_templates_on_device
                0x20000168        0x4 ./Core/Src/main.o
 .bss.hspi1     0x2000016c       0x58 ./Core/Src/main.o
                0x2000016c                hspi1
 .bss.huart3    0x200001c4       0x48 ./Core/Src/main.o
                0x200001c4                huart3
 .bss.huart6    0x2000020c       0x48 ./Core/Src/main.o
                0x2000020c                huart6
 .bss.hdma_usart3_rx
                0x20000254       0x60 ./Core/Src/main.o
                0x20000254                hdma_usart3_rx
 .bss.hdma_usart3_tx
                0x200002b4       0x60 ./Core/Src/main.o
                0x200002b4                hdma_usart3_tx
 .bss.hdma_usart6_rx
                0x20000314       0x60 ./Core/Src/main.o
                0x20000314                hdma_usart6_rx
 .bss.hdma_usart6_tx
                0x20000374       0x60 ./Core/Src/main.o
                0x20000374                hdma_usart6_tx
 .bss.__sbrk_heap_end
                0x200003d4        0x4 ./Core/Src/sysmem.o
 .bss.uwTick    0x200003d8        0x4 ./Drivers/STM32F4xx_HAL_Driver/Src/stm32f4xx_hal.o
                0x200003d8                uwTick
 .bss.__malloc_sbrk_start
                0x200003dc        0x4 C:/ST/STM32CubeIDE_1.17.0/STM32CubeIDE/plugins/com.st.stm32cube.ide.mcu.externaltools.gnu-tools-for-stm32.12.3.rel1.win32_1.1.0.202410251130/tools/bin/../lib/gcc/arm-none-eabi/12.3.1/../../../../arm-none-eabi/lib/thumb/v7e-m+fp/hard\libc_nano.a(libc_a-mallocr.o)
                0x200003dc                __malloc_sbrk_start
 .bss.__malloc_free_list
                0x200003e0        0x4 C:/ST/STM32CubeIDE_1.17.0/STM32CubeIDE/plugins/com.st.stm32cube.ide.mcu.externaltools.gnu-tools-for-stm32.12.3.rel1.win32_1.1.0.202410251130/tools/bin/../lib/gcc/arm-none-eabi/12.3.1/../../../../arm-none-eabi/lib/thumb/v7e-m+fp/hard\libc_nano.a(libc_a-mallocr.o)
                0x200003e0                __malloc_free_list
 .bss.__sf      0x200003e4      0x138 C:/ST/STM32CubeIDE_1.17.0/STM32CubeIDE/plugins/com.st.stm32cube.ide.mcu.externaltools.gnu-tools-for-stm32.12.3.rel1.win32_1.1.0.202410251130/tools/bin/../lib/gcc/arm-none-eabi/12.3.1/../../../../arm-none-eabi/lib/thumb/v7e-m+fp/hard\libc_nano.a(libc_a-findfp.o)
                0x200003e4                __sf
 .bss.errno     0x2000051c        0x4 C:/ST/STM32CubeIDE_1.17.0/STM32CubeIDE/plugins/com.st.stm32cube.ide.mcu.externaltools.gnu-tools-for-stm32.12.3.rel1.win32_1.1.0.202410251130/tools/bin/../lib/gcc/arm-none-eabi/12.3.1/../../../../arm-none-eabi/lib/thumb/v7e-m+fp/hard\libc_nano.a(libc_a-reent.o)
                0x2000051c                errno
 .bss.__lock___malloc_recursive_mutex
                0x20000520        0x1 C:/ST/STM32CubeIDE_1.17.0/STM32CubeIDE/plugins/com.st.stm32cube.ide.mcu.externaltools.gnu-tools-for-stm32.12.3.rel1.win32_1.1.0.202410251130/tools/bin/../lib/gcc/arm-none-eabi/12.3.1/../../../../arm-none-eabi/lib/thumb/v7e-m+fp/hard\libc_nano.a(libc_a-lock.o)
                0x20000520                __lock___malloc_recursive_mutex
 *(COMMON)
                0x20000524                        . = ALIGN (0x4)
 *fill*         0x20000521        0x3 
                0x20000524                        _ebss = .
                0x20000524                        __bss_end__ = _ebss

._user_heap_stack
                0x20000524      0x604
                0x20000528                        . = ALIGN (0x8)
 *fill*         0x20000524        0x4 
                [!provide]                        PROVIDE (end = .)
                0x20000528                        PROVIDE (_end = .)
                0x20000728                        . = (. + _Min_Heap_Size)
 *fill*         0x20000528      0x200 
                0x20000b28                        . = (. + _Min_Stack_Size)
 *fill*         0x20000728      0x400 
                0x20000b28                        . = ALIGN (0x8)

/DISCARD/
 libc.a(*)
 libm.a(*)
 libgcc.a(*)

.ARM.attributes
                0x00000000       0x30
 *(.ARM.attributes)
 .ARM.attributes
                0x00000000       0x22 C:/ST/STM32CubeIDE_1.17.0/STM32CubeIDE/plugins/com.st.stm32cube.ide.mcu.externaltools.gnu-tools-for-stm32.12.3.rel1.win32_1.1.0.202410251130/tools/bin/../lib/gcc/arm-none-eabi/12.3.1/thumb/v7e-m+fp/hard/crti.o
 .ARM.attributes
                0x00000022       0x34 C:/ST/STM32CubeIDE_1.17.0/STM32CubeIDE/plugins/com.st.stm32cube.ide.mcu.externaltools.gnu-tools-for-stm32.12.3.rel1.win32_1.1.0.202410251130/tools/bin/../lib/gcc/arm-none-eabi/12.3.1/thumb/v7e-m+fp/hard/crtbegin.o
 .ARM.attributes
                0x00000056       0x34 ./Core/Src/fpc_hal.o
 .ARM.attributes
                0x0000008a       0x34 ./Core/Src/fpc_host_sample.o
 .ARM.attributes
                0x000000be       0x34 ./Core/Src/hal_common.o
 .ARM.attributes
                0x000000f2       0x34 ./Core/Src/main.o
 .ARM.attributes
                0x00000126       0x34 ./Core/Src/stm32f4xx_hal_msp.o
 .ARM.attributes
                0x0000015a       0x34 ./Core/Src/stm32f4xx_it.o
 .ARM.attributes
                0x0000018e       0x34 ./Core/Src/sysmem.o
 .ARM.attributes
                0x000001c2       0x34 ./Core/Src/system_stm32f4xx.o
 .ARM.attributes
                0x000001f6       0x21 ./Core/Startup/startup_stm32f439zitx.o
 .ARM.attributes
                0x00000217       0x34 ./Drivers/STM32F4xx_HAL_Driver/Src/stm32f4xx_hal.o
 .ARM.attributes
                0x0000024b       0x34 ./Drivers/STM32F4xx_HAL_Driver/Src/stm32f4xx_hal_cortex.o
 .ARM.attributes
                0x0000027f       0x34 ./Drivers/STM32F4xx_HAL_Driver/Src/stm32f4xx_hal_dma.o
 .ARM.attributes
                0x000002b3       0x34 ./Drivers/STM32F4xx_HAL_Driver/Src/stm32f4xx_hal_gpio.o
 .ARM.attributes
                0x000002e7       0x34 ./Drivers/STM32F4xx_HAL_Driver/Src/stm32f4xx_hal_rcc.o
 .ARM.attributes
                0x0000031b       0x34 ./Drivers/STM32F4xx_HAL_Driver/Src/stm32f4xx_hal_spi.o
 .ARM.attributes
                0x0000034f       0x34 ./Drivers/STM32F4xx_HAL_Driver/Src/stm32f4xx_hal_uart.o
 .ARM.attributes
                0x00000383       0x34 C:/ST/STM32CubeIDE_1.17.0/STM32CubeIDE/plugins/com.st.stm32cube.ide.mcu.externaltools.gnu-tools-for-stm32.12.3.rel1.win32_1.1.0.202410251130/tools/bin/../lib/gcc/arm-none-eabi/12.3.1/../../../../arm-none-eabi/lib/thumb/v7e-m+fp/hard\libc_nano.a(libc_a-malloc.o)
 .ARM.attributes
                0x000003b7       0x34 C:/ST/STM32CubeIDE_1.17.0/STM32CubeIDE/plugins/com.st.stm32cube.ide.mcu.externaltools.gnu-tools-for-stm32.12.3.rel1.win32_1.1.0.202410251130/tools/bin/../lib/gcc/arm-none-eabi/12.3.1/../../../../arm-none-eabi/lib/thumb/v7e-m+fp/hard\libc_nano.a(libc_a-mallocr.o)
 .ARM.attributes
                0x000003eb       0x34 C:/ST/STM32CubeIDE_1.17.0/STM32CubeIDE/plugins/com.st.stm32cube.ide.mcu.externaltools.gnu-tools-for-stm32.12.3.rel1.win32_1.1.0.202410251130/tools/bin/../lib/gcc/arm-none-eabi/12.3.1/../../../../arm-none-eabi/lib/thumb/v7e-m+fp/hard\libc_nano.a(libc_a-mlock.o)
 .ARM.attributes
                0x0000041f       0x34 C:/ST/STM32CubeIDE_1.17.0/STM32CubeIDE/plugins/com.st.stm32cube.ide.mcu.externaltools.gnu-tools-for-stm32.12.3.rel1.win32_1.1.0.202410251130/tools/bin/../lib/gcc/arm-none-eabi/12.3.1/../../../../arm-none-eabi/lib/thumb/v7e-m+fp/hard\libc_nano.a(libc_a-findfp.o)
 .ARM.attributes
                0x00000453       0x34 C:/ST/STM32CubeIDE_1.17.0/STM32CubeIDE/plugins/com.st.stm32cube.ide.mcu.externaltools.gnu-tools-for-stm32.12.3.rel1.win32_1.1.0.202410251130/tools/bin/../lib/gcc/arm-none-eabi/12.3.1/../../../../arm-none-eabi/lib/thumb/v7e-m+fp/hard\libc_nano.a(libc_a-vsnprintf.o)
 .ARM.attributes
                0x00000487       0x34 C:/ST/STM32CubeIDE_1.17.0/STM32CubeIDE/plugins/com.st.stm32cube.ide.mcu.externaltools.gnu-tools-for-stm32.12.3.rel1.win32_1.1.0.202410251130/tools/bin/../lib/gcc/arm-none-eabi/12.3.1/../../../../arm-none-eabi/lib/thumb/v7e-m+fp/hard\libc_nano.a(libc_a-memset.o)
 .ARM.attributes
                0x000004bb       0x34 C:/ST/STM32CubeIDE_1.17.0/STM32CubeIDE/plugins/com.st.stm32cube.ide.mcu.externaltools.gnu-tools-for-stm32.12.3.rel1.win32_1.1.0.202410251130/tools/bin/../lib/gcc/arm-none-eabi/12.3.1/../../../../arm-none-eabi/lib/thumb/v7e-m+fp/hard\libc_nano.a(libc_a-reent.o)
 .ARM.attributes
                0x000004ef       0x34 C:/ST/STM32CubeIDE_1.17.0/STM32CubeIDE/plugins/com.st.stm32cube.ide.mcu.externaltools.gnu-tools-for-stm32.12.3.rel1.win32_1.1.0.202410251130/tools/bin/../lib/gcc/arm-none-eabi/12.3.1/../../../../arm-none-eabi/lib/thumb/v7e-m+fp/hard\libc_nano.a(libc_a-impure.o)
 .ARM.attributes
                0x00000523       0x34 C:/ST/STM32CubeIDE_1.17.0/STM32CubeIDE/plugins/com.st.stm32cube.ide.mcu.externaltools.gnu-tools-for-stm32.12.3.rel1.win32_1.1.0.202410251130/tools/bin/../lib/gcc/arm-none-eabi/12.3.1/../../../../arm-none-eabi/lib/thumb/v7e-m+fp/hard\libc_nano.a(libc_a-sbrkr.o)
 .ARM.attributes
                0x00000557       0x34 C:/ST/STM32CubeIDE_1.17.0/STM32CubeIDE/plugins/com.st.stm32cube.ide.mcu.externaltools.gnu-tools-for-stm32.12.3.rel1.win32_1.1.0.202410251130/tools/bin/../lib/gcc/arm-none-eabi/12.3.1/../../../../arm-none-eabi/lib/thumb/v7e-m+fp/hard\libc_nano.a(libc_a-errno.o)
 .ARM.attributes
                0x0000058b       0x34 C:/ST/STM32CubeIDE_1.17.0/STM32CubeIDE/plugins/com.st.stm32cube.ide.mcu.externaltools.gnu-tools-for-stm32.12.3.rel1.win32_1.1.0.202410251130/tools/bin/../lib/gcc/arm-none-eabi/12.3.1/../../../../arm-none-eabi/lib/thumb/v7e-m+fp/hard\libc_nano.a(libc_a-init.o)
 .ARM.attributes
                0x000005bf       0x34 C:/ST/STM32CubeIDE_1.17.0/STM32CubeIDE/plugins/com.st.stm32cube.ide.mcu.externaltools.gnu-tools-for-stm32.12.3.rel1.win32_1.1.0.202410251130/tools/bin/../lib/gcc/arm-none-eabi/12.3.1/../../../../arm-none-eabi/lib/thumb/v7e-m+fp/hard\libc_nano.a(libc_a-lock.o)
 .ARM.attributes
                0x000005f3       0x34 C:/ST/STM32CubeIDE_1.17.0/STM32CubeIDE/plugins/com.st.stm32cube.ide.mcu.externaltools.gnu-tools-for-stm32.12.3.rel1.win32_1.1.0.202410251130/tools/bin/../lib/gcc/arm-none-eabi/12.3.1/../../../../arm-none-eabi/lib/thumb/v7e-m+fp/hard\libc_nano.a(libc_a-memcpy-stub.o)
 .ARM.attributes
                0x00000627       0x17 C:/ST/STM32CubeIDE_1.17.0/STM32CubeIDE/plugins/com.st.stm32cube.ide.mcu.externaltools.gnu-tools-for-stm32.12.3.rel1.win32_1.1.0.202410251130/tools/bin/../lib/gcc/arm-none-eabi/12.3.1/../../../../arm-none-eabi/lib/thumb/v7e-m+fp/hard\libc_nano.a(libc_a-strlen.o)
 .ARM.attributes
                0x0000063e       0x34 C:/ST/STM32CubeIDE_1.17.0/STM32CubeIDE/plugins/com.st.stm32cube.ide.mcu.externaltools.gnu-tools-for-stm32.12.3.rel1.win32_1.1.0.202410251130/tools/bin/../lib/gcc/arm-none-eabi/12.3.1/../../../../arm-none-eabi/lib/thumb/v7e-m+fp/hard\libc_nano.a(libc_a-freer.o)
 .ARM.attributes
                0x00000672       0x34 C:/ST/STM32CubeIDE_1.17.0/STM32CubeIDE/plugins/com.st.stm32cube.ide.mcu.externaltools.gnu-tools-for-stm32.12.3.rel1.win32_1.1.0.202410251130/tools/bin/../lib/gcc/arm-none-eabi/12.3.1/../../../../arm-none-eabi/lib/thumb/v7e-m+fp/hard\libc_nano.a(libc_a-nano-svfprintf.o)
 .ARM.attributes
                0x000006a6       0x34 C:/ST/STM32CubeIDE_1.17.0/STM32CubeIDE/plugins/com.st.stm32cube.ide.mcu.externaltools.gnu-tools-for-stm32.12.3.rel1.win32_1.1.0.202410251130/tools/bin/../lib/gcc/arm-none-eabi/12.3.1/../../../../arm-none-eabi/lib/thumb/v7e-m+fp/hard\libc_nano.a(libc_a-nano-vfprintf_i.o)
 .ARM.attributes
                0x000006da       0x34 C:/ST/STM32CubeIDE_1.17.0/STM32CubeIDE/plugins/com.st.stm32cube.ide.mcu.externaltools.gnu-tools-for-stm32.12.3.rel1.win32_1.1.0.202410251130/tools/bin/../lib/gcc/arm-none-eabi/12.3.1/../../../../arm-none-eabi/lib/thumb/v7e-m+fp/hard\libc_nano.a(libc_a-memmove.o)
 .ARM.attributes
                0x0000070e       0x1c C:/ST/STM32CubeIDE_1.17.0/STM32CubeIDE/plugins/com.st.stm32cube.ide.mcu.externaltools.gnu-tools-for-stm32.12.3.rel1.win32_1.1.0.202410251130/tools/bin/../lib/gcc/arm-none-eabi/12.3.1/../../../../arm-none-eabi/lib/thumb/v7e-m+fp/hard\libc_nano.a(libc_a-memchr.o)
 .ARM.attributes
                0x0000072a       0x34 C:/ST/STM32CubeIDE_1.17.0/STM32CubeIDE/plugins/com.st.stm32cube.ide.mcu.externaltools.gnu-tools-for-stm32.12.3.rel1.win32_1.1.0.202410251130/tools/bin/../lib/gcc/arm-none-eabi/12.3.1/../../../../arm-none-eabi/lib/thumb/v7e-m+fp/hard\libc_nano.a(libc_a-reallocr.o)
 .ARM.attributes
                0x0000075e       0x34 C:/ST/STM32CubeIDE_1.17.0/STM32CubeIDE/plugins/com.st.stm32cube.ide.mcu.externaltools.gnu-tools-for-stm32.12.3.rel1.win32_1.1.0.202410251130/tools/bin/../lib/gcc/arm-none-eabi/12.3.1/../../../../arm-none-eabi/lib/thumb/v7e-m+fp/hard\libc_nano.a(libc_a-msizer.o)
 .ARM.attributes
                0x00000792       0x22 C:/ST/STM32CubeIDE_1.17.0/STM32CubeIDE/plugins/com.st.stm32cube.ide.mcu.externaltools.gnu-tools-for-stm32.12.3.rel1.win32_1.1.0.202410251130/tools/bin/../lib/gcc/arm-none-eabi/12.3.1/thumb/v7e-m+fp/hard\libgcc.a(_aeabi_uldivmod.o)
 .ARM.attributes
                0x000007b4       0x34 C:/ST/STM32CubeIDE_1.17.0/STM32CubeIDE/plugins/com.st.stm32cube.ide.mcu.externaltools.gnu-tools-for-stm32.12.3.rel1.win32_1.1.0.202410251130/tools/bin/../lib/gcc/arm-none-eabi/12.3.1/thumb/v7e-m+fp/hard\libgcc.a(_udivmoddi4.o)
 .ARM.attributes
                0x000007e8       0x22 C:/ST/STM32CubeIDE_1.17.0/STM32CubeIDE/plugins/com.st.stm32cube.ide.mcu.externaltools.gnu-tools-for-stm32.12.3.rel1.win32_1.1.0.202410251130/tools/bin/../lib/gcc/arm-none-eabi/12.3.1/thumb/v7e-m+fp/hard\libgcc.a(_dvmd_tls.o)
 .ARM.attributes
                0x0000080a       0x22 C:/ST/STM32CubeIDE_1.17.0/STM32CubeIDE/plugins/com.st.stm32cube.ide.mcu.externaltools.gnu-tools-for-stm32.12.3.rel1.win32_1.1.0.202410251130/tools/bin/../lib/gcc/arm-none-eabi/12.3.1/thumb/v7e-m+fp/hard/crtn.o
OUTPUT(2_Test_Capteur2532.elf elf32-littlearm)
LOAD linker stubs
LOAD C:/ST/STM32CubeIDE_1.17.0/STM32CubeIDE/plugins/com.st.stm32cube.ide.mcu.externaltools.gnu-tools-for-stm32.12.3.rel1.win32_1.1.0.202410251130/tools/bin/../lib/gcc/arm-none-eabi/12.3.1/../../../../arm-none-eabi/lib/thumb/v7e-m+fp/hard\libc.a
LOAD C:/ST/STM32CubeIDE_1.17.0/STM32CubeIDE/plugins/com.st.stm32cube.ide.mcu.externaltools.gnu-tools-for-stm32.12.3.rel1.win32_1.1.0.202410251130/tools/bin/../lib/gcc/arm-none-eabi/12.3.1/../../../../arm-none-eabi/lib/thumb/v7e-m+fp/hard\libm.a
LOAD C:/ST/STM32CubeIDE_1.17.0/STM32CubeIDE/plugins/com.st.stm32cube.ide.mcu.externaltools.gnu-tools-for-stm32.12.3.rel1.win32_1.1.0.202410251130/tools/bin/../lib/gcc/arm-none-eabi/12.3.1/thumb/v7e-m+fp/hard\libgcc.a

.debug_info     0x00000000     0xccbe
 .debug_info    0x00000000      0xcf7 ./Core/Src/fpc_hal.o
 .debug_info    0x00000cf7     0x11a9 ./Core/Src/fpc_host_sample.o
 .debug_info    0x00001ea0      0x333 ./Core/Src/hal_common.o
 .debug_info    0x000021d3     0x191f ./Core/Src/main.o
 .debug_info    0x00003af2      0xf65 ./Core/Src/stm32f4xx_hal_msp.o
 .debug_info    0x00004a57      0x708 ./Core/Src/stm32f4xx_it.o
 .debug_info    0x0000515f      0x168 ./Core/Src/sysmem.o
 .debug_info    0x000052c7      0x52e ./Core/Src/system_stm32f4xx.o
 .debug_info    0x000057f5       0x30 ./Core/Startup/startup_stm32f439zitx.o
 .debug_info    0x00005825      0x9c0 ./Drivers/STM32F4xx_HAL_Driver/Src/stm32f4xx_hal.o
 .debug_info    0x000061e5      0xdc8 ./Drivers/STM32F4xx_HAL_Driver/Src/stm32f4xx_hal_cortex.o
 .debug_info    0x00006fad      0x8e7 ./Drivers/STM32F4xx_HAL_Driver/Src/stm32f4xx_hal_dma.o
 .debug_info    0x00007894      0x6db ./Drivers/STM32F4xx_HAL_Driver/Src/stm32f4xx_hal_gpio.o
 .debug_info    0x00007f6f      0x8db ./Drivers/STM32F4xx_HAL_Driver/Src/stm32f4xx_hal_rcc.o
 .debug_info    0x0000884a     0x1525 ./Drivers/STM32F4xx_HAL_Driver/Src/stm32f4xx_hal_spi.o
 .debug_info    0x00009d6f     0x2f4f ./Drivers/STM32F4xx_HAL_Driver/Src/stm32f4xx_hal_uart.o

.debug_abbrev   0x00000000     0x225a
 .debug_abbrev  0x00000000      0x313 ./Core/Src/fpc_hal.o
 .debug_abbrev  0x00000313      0x2ac ./Core/Src/fpc_host_sample.o
 .debug_abbrev  0x000005bf      0x190 ./Core/Src/hal_common.o
 .debug_abbrev  0x0000074f      0x357 ./Core/Src/main.o
 .debug_abbrev  0x00000aa6      0x23a ./Core/Src/stm32f4xx_hal_msp.o
 .debug_abbrev  0x00000ce0      0x1d8 ./Core/Src/stm32f4xx_it.o
 .debug_abbrev  0x00000eb8       0xbc ./Core/Src/sysmem.o
 .debug_abbrev  0x00000f74      0x11a ./Core/Src/system_stm32f4xx.o
 .debug_abbrev  0x0000108e       0x24 ./Core/Startup/startup_stm32f439zitx.o
 .debug_abbrev  0x000010b2      0x214 ./Drivers/STM32F4xx_HAL_Driver/Src/stm32f4xx_hal.o
 .debug_abbrev  0x000012c6      0x31d ./Drivers/STM32F4xx_HAL_Driver/Src/stm32f4xx_hal_cortex.o
 .debug_abbrev  0x000015e3      0x264 ./Drivers/STM32F4xx_HAL_Driver/Src/stm32f4xx_hal_dma.o
 .debug_abbrev  0x00001847      0x1d4 ./Drivers/STM32F4xx_HAL_Driver/Src/stm32f4xx_hal_gpio.o
 .debug_abbrev  0x00001a1b      0x2b7 ./Drivers/STM32F4xx_HAL_Driver/Src/stm32f4xx_hal_rcc.o
 .debug_abbrev  0x00001cd2      0x27a ./Drivers/STM32F4xx_HAL_Driver/Src/stm32f4xx_hal_spi.o
 .debug_abbrev  0x00001f4c      0x30e ./Drivers/STM32F4xx_HAL_Driver/Src/stm32f4xx_hal_uart.o

.debug_aranges  0x00000000      0xb48
 .debug_aranges
                0x00000000       0x90 ./Core/Src/fpc_hal.o
 .debug_aranges
                0x00000090      0x128 ./Core/Src/fpc_host_sample.o
 .debug_aranges
                0x000001b8       0x40 ./Core/Src/hal_common.o
 .debug_aranges
                0x000001f8       0x90 ./Core/Src/main.o
 .debug_aranges
                0x00000288       0x40 ./Core/Src/stm32f4xx_hal_msp.o
 .debug_aranges
                0x000002c8       0x98 ./Core/Src/stm32f4xx_it.o
 .debug_aranges
                0x00000360       0x20 ./Core/Src/sysmem.o
 .debug_aranges
                0x00000380       0x28 ./Core/Src/system_stm32f4xx.o
 .debug_aranges
                0x000003a8       0x28 ./Core/Startup/startup_stm32f439zitx.o
 .debug_aranges
                0x000003d0      0x100 ./Drivers/STM32F4xx_HAL_Driver/Src/stm32f4xx_hal.o
 .debug_aranges
                0x000004d0      0x130 ./Drivers/STM32F4xx_HAL_Driver/Src/stm32f4xx_hal_cortex.o
 .debug_aranges
                0x00000600       0x90 ./Drivers/STM32F4xx_HAL_Driver/Src/stm32f4xx_hal_dma.o
 .debug_aranges
                0x00000690       0x58 ./Drivers/STM32F4xx_HAL_Driver/Src/stm32f4xx_hal_gpio.o
 .debug_aranges
                0x000006e8       0x88 ./Drivers/STM32F4xx_HAL_Driver/Src/stm32f4xx_hal_rcc.o
 .debug_aranges
                0x00000770      0x1d0 ./Drivers/STM32F4xx_HAL_Driver/Src/stm32f4xx_hal_spi.o
 .debug_aranges
                0x00000940      0x208 ./Drivers/STM32F4xx_HAL_Driver/Src/stm32f4xx_hal_uart.o

.debug_rnglists
                0x00000000      0x8c6
 .debug_rnglists
                0x00000000       0x88 ./Core/Src/fpc_hal.o
 .debug_rnglists
                0x00000088       0xe9 ./Core/Src/fpc_host_sample.o
 .debug_rnglists
                0x00000171       0x2d ./Core/Src/hal_common.o
 .debug_rnglists
                0x0000019e       0x6c ./Core/Src/main.o
 .debug_rnglists
                0x0000020a       0x2e ./Core/Src/stm32f4xx_hal_msp.o
 .debug_rnglists
                0x00000238       0x6d ./Core/Src/stm32f4xx_it.o
 .debug_rnglists
                0x000002a5       0x13 ./Core/Src/sysmem.o
 .debug_rnglists
                0x000002b8       0x1a ./Core/Src/system_stm32f4xx.o
 .debug_rnglists
                0x000002d2       0x19 ./Core/Startup/startup_stm32f439zitx.o
 .debug_rnglists
                0x000002eb       0xbb ./Drivers/STM32F4xx_HAL_Driver/Src/stm32f4xx_hal.o
 .debug_rnglists
                0x000003a6       0xe0 ./Drivers/STM32F4xx_HAL_Driver/Src/stm32f4xx_hal_cortex.o
 .debug_rnglists
                0x00000486       0x70 ./Drivers/STM32F4xx_HAL_Driver/Src/stm32f4xx_hal_dma.o
 .debug_rnglists
                0x000004f6       0x3f ./Drivers/STM32F4xx_HAL_Driver/Src/stm32f4xx_hal_gpio.o
 .debug_rnglists
                0x00000535       0x66 ./Drivers/STM32F4xx_HAL_Driver/Src/stm32f4xx_hal_rcc.o
 .debug_rnglists
                0x0000059b      0x16f ./Drivers/STM32F4xx_HAL_Driver/Src/stm32f4xx_hal_spi.o
 .debug_rnglists
                0x0000070a      0x1bc ./Drivers/STM32F4xx_HAL_Driver/Src/stm32f4xx_hal_uart.o

.debug_macro    0x00000000    0x23fa1
 .debug_macro   0x00000000      0x314 ./Core/Src/fpc_hal.o
 .debug_macro   0x00000314      0xab4 ./Core/Src/fpc_hal.o
 .debug_macro   0x00000dc8      0x29b ./Core/Src/fpc_hal.o
 .debug_macro   0x00001063       0x2e ./Core/Src/fpc_hal.o
 .debug_macro   0x00001091       0x28 ./Core/Src/fpc_hal.o
 .debug_macro   0x000010b9       0x22 ./Core/Src/fpc_hal.o
 .debug_macro   0x000010db       0x8e ./Core/Src/fpc_hal.o
 .debug_macro   0x00001169       0x51 ./Core/Src/fpc_hal.o
 .debug_macro   0x000011ba      0x103 ./Core/Src/fpc_hal.o
 .debug_macro   0x000012bd       0x6a ./Core/Src/fpc_hal.o
 .debug_macro   0x00001327      0x1df ./Core/Src/fpc_hal.o
 .debug_macro   0x00001506       0x1c ./Core/Src/fpc_hal.o
 .debug_macro   0x00001522       0x22 ./Core/Src/fpc_hal.o
 .debug_macro   0x00001544       0xfb ./Core/Src/fpc_hal.o
 .debug_macro   0x0000163f     0x1011 ./Core/Src/fpc_hal.o
 .debug_macro   0x00002650      0x11f ./Core/Src/fpc_hal.o
 .debug_macro   0x0000276f    0x1863b ./Core/Src/fpc_hal.o
 .debug_macro   0x0001adaa       0x6d ./Core/Src/fpc_hal.o
 .debug_macro   0x0001ae17     0x370a ./Core/Src/fpc_hal.o
 .debug_macro   0x0001e521      0x189 ./Core/Src/fpc_hal.o
 .debug_macro   0x0001e6aa       0x5c ./Core/Src/fpc_hal.o
 .debug_macro   0x0001e706      0xd2a ./Core/Src/fpc_hal.o
 .debug_macro   0x0001f430      0x9e9 ./Core/Src/fpc_hal.o
 .debug_macro   0x0001fe19      0x115 ./Core/Src/fpc_hal.o
 .debug_macro   0x0001ff2e      0x156 ./Core/Src/fpc_hal.o
 .debug_macro   0x00020084       0xa5 ./Core/Src/fpc_hal.o
 .debug_macro   0x00020129      0x182 ./Core/Src/fpc_hal.o
 .debug_macro   0x000202ab      0x287 ./Core/Src/fpc_hal.o
 .debug_macro   0x00020532       0x5f ./Core/Src/fpc_hal.o
 .debug_macro   0x00020591      0x236 ./Core/Src/fpc_hal.o
 .debug_macro   0x000207c7      0x132 ./Core/Src/fpc_hal.o
 .debug_macro   0x000208f9      0x41d ./Core/Src/fpc_hal.o
 .debug_macro   0x00020d16       0x2e ./Core/Src/fpc_hal.o
 .debug_macro   0x00020d44      0x127 ./Core/Src/fpc_hal.o
 .debug_macro   0x00020e6b       0xe2 ./Core/Src/fpc_hal.o
 .debug_macro   0x00020f4d       0x89 ./Core/Src/fpc_hal.o
 .debug_macro   0x00020fd6      0x225 ./Core/Src/fpc_hal.o
 .debug_macro   0x000211fb      0x2aa ./Core/Src/fpc_hal.o
 .debug_macro   0x000214a5      0x134 ./Core/Src/fpc_hal.o
 .debug_macro   0x000215d9       0x70 ./Core/Src/fpc_hal.o
 .debug_macro   0x00021649       0x58 ./Core/Src/fpc_hal.o
 .debug_macro   0x000216a1       0x61 ./Core/Src/fpc_hal.o
 .debug_macro   0x00021702       0x2a ./Core/Src/fpc_hal.o
 .debug_macro   0x0002172c       0x43 ./Core/Src/fpc_hal.o
 .debug_macro   0x0002176f       0x34 ./Core/Src/fpc_hal.o
 .debug_macro   0x000217a3       0x16 ./Core/Src/fpc_hal.o
 .debug_macro   0x000217b9       0x43 ./Core/Src/fpc_hal.o
 .debug_macro   0x000217fc       0x34 ./Core/Src/fpc_hal.o
 .debug_macro   0x00021830       0x10 ./Core/Src/fpc_hal.o
 .debug_macro   0x00021840       0x58 ./Core/Src/fpc_hal.o
 .debug_macro   0x00021898       0x8e ./Core/Src/fpc_hal.o
 .debug_macro   0x00021926       0x1c ./Core/Src/fpc_hal.o
 .debug_macro   0x00021942      0x177 ./Core/Src/fpc_hal.o
 .debug_macro   0x00021ab9      0x369 ./Core/Src/fpc_hal.o
 .debug_macro   0x00021e22       0x10 ./Core/Src/fpc_hal.o
 .debug_macro   0x00021e32       0x35 ./Core/Src/fpc_hal.o
 .debug_macro   0x00021e67       0x20 ./Core/Src/fpc_hal.o
 .debug_macro   0x00021e87       0x1c ./Core/Src/fpc_hal.o
 .debug_macro   0x00021ea3       0x1c ./Core/Src/fpc_hal.o
 .debug_macro   0x00021ebf       0x16 ./Core/Src/fpc_hal.o
 .debug_macro   0x00021ed5      0x146 ./Core/Src/fpc_hal.o
 .debug_macro   0x0002201b       0x22 ./Core/Src/fpc_hal.o
 .debug_macro   0x0002203d      0x32e ./Core/Src/fpc_hal.o
 .debug_macro   0x0002236b       0x10 ./Core/Src/fpc_hal.o
 .debug_macro   0x0002237b      0x173 ./Core/Src/fpc_host_sample.o
 .debug_macro   0x000224ee       0x10 ./Core/Src/fpc_host_sample.o
 .debug_macro   0x000224fe       0x3c ./Core/Src/fpc_host_sample.o
 .debug_macro   0x0002253a      0x1e6 ./Core/Src/hal_common.o
 .debug_macro   0x00022720      0x2d6 ./Core/Src/main.o
 .debug_macro   0x000229f6      0x1d3 ./Core/Src/stm32f4xx_hal_msp.o
 .debug_macro   0x00022bc9      0x1dd ./Core/Src/stm32f4xx_it.o
 .debug_macro   0x00022da6       0xff ./Core/Src/sysmem.o
 .debug_macro   0x00022ea5      0x23c ./Core/Src/sysmem.o
 .debug_macro   0x000230e1      0x1c4 ./Core/Src/system_stm32f4xx.o
 .debug_macro   0x000232a5      0x224 ./Drivers/STM32F4xx_HAL_Driver/Src/stm32f4xx_hal.o
 .debug_macro   0x000234c9      0x1c4 ./Drivers/STM32F4xx_HAL_Driver/Src/stm32f4xx_hal_cortex.o
 .debug_macro   0x0002368d      0x1ca ./Drivers/STM32F4xx_HAL_Driver/Src/stm32f4xx_hal_dma.o
 .debug_macro   0x00023857      0x1ca ./Drivers/STM32F4xx_HAL_Driver/Src/stm32f4xx_hal_gpio.o
 .debug_macro   0x00023a21      0x1e8 ./Drivers/STM32F4xx_HAL_Driver/Src/stm32f4xx_hal_rcc.o
 .debug_macro   0x00023c09      0x1d3 ./Drivers/STM32F4xx_HAL_Driver/Src/stm32f4xx_hal_spi.o
 .debug_macro   0x00023ddc      0x1c5 ./Drivers/STM32F4xx_HAL_Driver/Src/stm32f4xx_hal_uart.o

.debug_line     0x00000000     0xd581
 .debug_line    0x00000000      0xc8a ./Core/Src/fpc_hal.o
 .debug_line    0x00000c8a      0xee6 ./Core/Src/fpc_host_sample.o
 .debug_line    0x00001b70      0x80d ./Core/Src/hal_common.o
 .debug_line    0x0000237d      0xc87 ./Core/Src/main.o
 .debug_line    0x00003004      0x89d ./Core/Src/stm32f4xx_hal_msp.o
 .debug_line    0x000038a1      0x899 ./Core/Src/stm32f4xx_it.o
 .debug_line    0x0000413a      0x579 ./Core/Src/sysmem.o
 .debug_line    0x000046b3      0x7a2 ./Core/Src/system_stm32f4xx.o
 .debug_line    0x00004e55       0x7a ./Core/Startup/startup_stm32f439zitx.o
 .debug_line    0x00004ecf      0xa50 ./Drivers/STM32F4xx_HAL_Driver/Src/stm32f4xx_hal.o
 .debug_line    0x0000591f      0xd0c ./Drivers/STM32F4xx_HAL_Driver/Src/stm32f4xx_hal_cortex.o
 .debug_line    0x0000662b      0xf8a ./Drivers/STM32F4xx_HAL_Driver/Src/stm32f4xx_hal_dma.o
 .debug_line    0x000075b5      0xbce ./Drivers/STM32F4xx_HAL_Driver/Src/stm32f4xx_hal_gpio.o
 .debug_line    0x00008183      0xda3 ./Drivers/STM32F4xx_HAL_Driver/Src/stm32f4xx_hal_rcc.o
 .debug_line    0x00008f26     0x1d3e ./Drivers/STM32F4xx_HAL_Driver/Src/stm32f4xx_hal_spi.o
 .debug_line    0x0000ac64     0x291d ./Drivers/STM32F4xx_HAL_Driver/Src/stm32f4xx_hal_uart.o

.debug_str      0x00000000    0xd7ada
 .debug_str     0x00000000    0xd4261 ./Core/Src/fpc_hal.o
                              0xd45e2 (size before relaxing)
 .debug_str     0x000d4261      0x8b9 ./Core/Src/fpc_host_sample.o
                               0x889f (size before relaxing)
 .debug_str     0x000d4b1a      0x19f ./Core/Src/hal_common.o
                              0xcf9ff (size before relaxing)
 .debug_str     0x000d4cb9      0xbe7 ./Core/Src/main.o
                              0xd4b20 (size before relaxing)
 .debug_str     0x000d58a0       0xb7 ./Core/Src/stm32f4xx_hal_msp.o
                              0xd056b (size before relaxing)
 .debug_str     0x000d5957      0x190 ./Core/Src/stm32f4xx_it.o
                              0xcfd8a (size before relaxing)
 .debug_str     0x000d5ae7      0x4dc ./Core/Src/sysmem.o
                               0x60c3 (size before relaxing)
 .debug_str     0x000d5fc3       0xdb ./Core/Src/system_stm32f4xx.o
                              0xcf704 (size before relaxing)
 .debug_str     0x000d609e       0x44 ./Core/Startup/startup_stm32f439zitx.o
                                 0x76 (size before relaxing)
 .debug_str     0x000d60e2      0x632 ./Drivers/STM32F4xx_HAL_Driver/Src/stm32f4xx_hal.o
                              0xd0331 (size before relaxing)
 .debug_str     0x000d6714      0x36b ./Drivers/STM32F4xx_HAL_Driver/Src/stm32f4xx_hal_cortex.o
                              0xd005f (size before relaxing)
 .debug_str     0x000d6a7f      0x2eb ./Drivers/STM32F4xx_HAL_Driver/Src/stm32f4xx_hal_dma.o
                              0xcfb0b (size before relaxing)
 .debug_str     0x000d6d6a       0xbf ./Drivers/STM32F4xx_HAL_Driver/Src/stm32f4xx_hal_gpio.o
                              0xcf87f (size before relaxing)
 .debug_str     0x000d6e29      0x233 ./Drivers/STM32F4xx_HAL_Driver/Src/stm32f4xx_hal_rcc.o
                              0xcfb38 (size before relaxing)
 .debug_str     0x000d705c      0x567 ./Drivers/STM32F4xx_HAL_Driver/Src/stm32f4xx_hal_spi.o
                              0xcffaf (size before relaxing)
 .debug_str     0x000d75c3      0x517 ./Drivers/STM32F4xx_HAL_Driver/Src/stm32f4xx_hal_uart.o
                              0xd0106 (size before relaxing)

.comment        0x00000000       0x43
 .comment       0x00000000       0x43 ./Core/Src/fpc_hal.o
                                 0x44 (size before relaxing)
 .comment       0x00000043       0x44 ./Core/Src/fpc_host_sample.o
 .comment       0x00000043       0x44 ./Core/Src/hal_common.o
 .comment       0x00000043       0x44 ./Core/Src/main.o
 .comment       0x00000043       0x44 ./Core/Src/stm32f4xx_hal_msp.o
 .comment       0x00000043       0x44 ./Core/Src/stm32f4xx_it.o
 .comment       0x00000043       0x44 ./Core/Src/sysmem.o
 .comment       0x00000043       0x44 ./Core/Src/system_stm32f4xx.o
 .comment       0x00000043       0x44 ./Drivers/STM32F4xx_HAL_Driver/Src/stm32f4xx_hal.o
 .comment       0x00000043       0x44 ./Drivers/STM32F4xx_HAL_Driver/Src/stm32f4xx_hal_cortex.o
 .comment       0x00000043       0x44 ./Drivers/STM32F4xx_HAL_Driver/Src/stm32f4xx_hal_dma.o
 .comment       0x00000043       0x44 ./Drivers/STM32F4xx_HAL_Driver/Src/stm32f4xx_hal_gpio.o
 .comment       0x00000043       0x44 ./Drivers/STM32F4xx_HAL_Driver/Src/stm32f4xx_hal_rcc.o
 .comment       0x00000043       0x44 ./Drivers/STM32F4xx_HAL_Driver/Src/stm32f4xx_hal_spi.o
 .comment       0x00000043       0x44 ./Drivers/STM32F4xx_HAL_Driver/Src/stm32f4xx_hal_uart.o

.debug_frame    0x00000000     0x32ec
 .debug_frame   0x00000000      0x250 ./Core/Src/fpc_hal.o
 .debug_frame   0x00000250      0x4f4 ./Core/Src/fpc_host_sample.o
 .debug_frame   0x00000744       0xc0 ./Core/Src/hal_common.o
 .debug_frame   0x00000804      0x20c ./Core/Src/main.o
 .debug_frame   0x00000a10       0xcc ./Core/Src/stm32f4xx_hal_msp.o
 .debug_frame   0x00000adc      0x1c8 ./Core/Src/stm32f4xx_it.o
 .debug_frame   0x00000ca4       0x34 ./Core/Src/sysmem.o
 .debug_frame   0x00000cd8       0x58 ./Core/Src/system_stm32f4xx.o
 .debug_frame   0x00000d30      0x3b4 ./Drivers/STM32F4xx_HAL_Driver/Src/stm32f4xx_hal.o
 .debug_frame   0x000010e4      0x508 ./Drivers/STM32F4xx_HAL_Driver/Src/stm32f4xx_hal_cortex.o
 .debug_frame   0x000015ec      0x250 ./Drivers/STM32F4xx_HAL_Driver/Src/stm32f4xx_hal_dma.o
 .debug_frame   0x0000183c      0x14c ./Drivers/STM32F4xx_HAL_Driver/Src/stm32f4xx_hal_gpio.o
 .debug_frame   0x00001988      0x1f4 ./Drivers/STM32F4xx_HAL_Driver/Src/stm32f4xx_hal_rcc.o
 .debug_frame   0x00001b7c      0x828 ./Drivers/STM32F4xx_HAL_Driver/Src/stm32f4xx_hal_spi.o
 .debug_frame   0x000023a4      0x954 ./Drivers/STM32F4xx_HAL_Driver/Src/stm32f4xx_hal_uart.o
 .debug_frame   0x00002cf8       0x30 C:/ST/STM32CubeIDE_1.17.0/STM32CubeIDE/plugins/com.st.stm32cube.ide.mcu.externaltools.gnu-tools-for-stm32.12.3.rel1.win32_1.1.0.202410251130/tools/bin/../lib/gcc/arm-none-eabi/12.3.1/../../../../arm-none-eabi/lib/thumb/v7e-m+fp/hard\libc_nano.a(libc_a-malloc.o)
 .debug_frame   0x00002d28       0x50 C:/ST/STM32CubeIDE_1.17.0/STM32CubeIDE/plugins/com.st.stm32cube.ide.mcu.externaltools.gnu-tools-for-stm32.12.3.rel1.win32_1.1.0.202410251130/tools/bin/../lib/gcc/arm-none-eabi/12.3.1/../../../../arm-none-eabi/lib/thumb/v7e-m+fp/hard\libc_nano.a(libc_a-mallocr.o)
 .debug_frame   0x00002d78       0x30 C:/ST/STM32CubeIDE_1.17.0/STM32CubeIDE/plugins/com.st.stm32cube.ide.mcu.externaltools.gnu-tools-for-stm32.12.3.rel1.win32_1.1.0.202410251130/tools/bin/../lib/gcc/arm-none-eabi/12.3.1/../../../../arm-none-eabi/lib/thumb/v7e-m+fp/hard\libc_nano.a(libc_a-mlock.o)
 .debug_frame   0x00002da8      0x144 C:/ST/STM32CubeIDE_1.17.0/STM32CubeIDE/plugins/com.st.stm32cube.ide.mcu.externaltools.gnu-tools-for-stm32.12.3.rel1.win32_1.1.0.202410251130/tools/bin/../lib/gcc/arm-none-eabi/12.3.1/../../../../arm-none-eabi/lib/thumb/v7e-m+fp/hard\libc_nano.a(libc_a-findfp.o)
 .debug_frame   0x00002eec       0x4c C:/ST/STM32CubeIDE_1.17.0/STM32CubeIDE/plugins/com.st.stm32cube.ide.mcu.externaltools.gnu-tools-for-stm32.12.3.rel1.win32_1.1.0.202410251130/tools/bin/../lib/gcc/arm-none-eabi/12.3.1/../../../../arm-none-eabi/lib/thumb/v7e-m+fp/hard\libc_nano.a(libc_a-vsnprintf.o)
 .debug_frame   0x00002f38       0x20 C:/ST/STM32CubeIDE_1.17.0/STM32CubeIDE/plugins/com.st.stm32cube.ide.mcu.externaltools.gnu-tools-for-stm32.12.3.rel1.win32_1.1.0.202410251130/tools/bin/../lib/gcc/arm-none-eabi/12.3.1/../../../../arm-none-eabi/lib/thumb/v7e-m+fp/hard\libc_nano.a(libc_a-memset.o)
 .debug_frame   0x00002f58       0x38 C:/ST/STM32CubeIDE_1.17.0/STM32CubeIDE/plugins/com.st.stm32cube.ide.mcu.externaltools.gnu-tools-for-stm32.12.3.rel1.win32_1.1.0.202410251130/tools/bin/../lib/gcc/arm-none-eabi/12.3.1/../../../../arm-none-eabi/lib/thumb/v7e-m+fp/hard\libc_nano.a(libc_a-reent.o)
 .debug_frame   0x00002f90       0x2c C:/ST/STM32CubeIDE_1.17.0/STM32CubeIDE/plugins/com.st.stm32cube.ide.mcu.externaltools.gnu-tools-for-stm32.12.3.rel1.win32_1.1.0.202410251130/tools/bin/../lib/gcc/arm-none-eabi/12.3.1/../../../../arm-none-eabi/lib/thumb/v7e-m+fp/hard\libc_nano.a(libc_a-sbrkr.o)
 .debug_frame   0x00002fbc       0x20 C:/ST/STM32CubeIDE_1.17.0/STM32CubeIDE/plugins/com.st.stm32cube.ide.mcu.externaltools.gnu-tools-for-stm32.12.3.rel1.win32_1.1.0.202410251130/tools/bin/../lib/gcc/arm-none-eabi/12.3.1/../../../../arm-none-eabi/lib/thumb/v7e-m+fp/hard\libc_nano.a(libc_a-errno.o)
 .debug_frame   0x00002fdc       0x2c C:/ST/STM32CubeIDE_1.17.0/STM32CubeIDE/plugins/com.st.stm32cube.ide.mcu.externaltools.gnu-tools-for-stm32.12.3.rel1.win32_1.1.0.202410251130/tools/bin/../lib/gcc/arm-none-eabi/12.3.1/../../../../arm-none-eabi/lib/thumb/v7e-m+fp/hard\libc_nano.a(libc_a-init.o)
 .debug_frame   0x00003008       0xb0 C:/ST/STM32CubeIDE_1.17.0/STM32CubeIDE/plugins/com.st.stm32cube.ide.mcu.externaltools.gnu-tools-for-stm32.12.3.rel1.win32_1.1.0.202410251130/tools/bin/../lib/gcc/arm-none-eabi/12.3.1/../../../../arm-none-eabi/lib/thumb/v7e-m+fp/hard\libc_nano.a(libc_a-lock.o)
 .debug_frame   0x000030b8       0x28 C:/ST/STM32CubeIDE_1.17.0/STM32CubeIDE/plugins/com.st.stm32cube.ide.mcu.externaltools.gnu-tools-for-stm32.12.3.rel1.win32_1.1.0.202410251130/tools/bin/../lib/gcc/arm-none-eabi/12.3.1/../../../../arm-none-eabi/lib/thumb/v7e-m+fp/hard\libc_nano.a(libc_a-memcpy-stub.o)
 .debug_frame   0x000030e0       0x38 C:/ST/STM32CubeIDE_1.17.0/STM32CubeIDE/plugins/com.st.stm32cube.ide.mcu.externaltools.gnu-tools-for-stm32.12.3.rel1.win32_1.1.0.202410251130/tools/bin/../lib/gcc/arm-none-eabi/12.3.1/../../../../arm-none-eabi/lib/thumb/v7e-m+fp/hard\libc_nano.a(libc_a-freer.o)
 .debug_frame   0x00003118       0x90 C:/ST/STM32CubeIDE_1.17.0/STM32CubeIDE/plugins/com.st.stm32cube.ide.mcu.externaltools.gnu-tools-for-stm32.12.3.rel1.win32_1.1.0.202410251130/tools/bin/../lib/gcc/arm-none-eabi/12.3.1/../../../../arm-none-eabi/lib/thumb/v7e-m+fp/hard\libc_nano.a(libc_a-nano-svfprintf.o)
 .debug_frame   0x000031a8       0x60 C:/ST/STM32CubeIDE_1.17.0/STM32CubeIDE/plugins/com.st.stm32cube.ide.mcu.externaltools.gnu-tools-for-stm32.12.3.rel1.win32_1.1.0.202410251130/tools/bin/../lib/gcc/arm-none-eabi/12.3.1/../../../../arm-none-eabi/lib/thumb/v7e-m+fp/hard\libc_nano.a(libc_a-nano-vfprintf_i.o)
 .debug_frame   0x00003208       0x28 C:/ST/STM32CubeIDE_1.17.0/STM32CubeIDE/plugins/com.st.stm32cube.ide.mcu.externaltools.gnu-tools-for-stm32.12.3.rel1.win32_1.1.0.202410251130/tools/bin/../lib/gcc/arm-none-eabi/12.3.1/../../../../arm-none-eabi/lib/thumb/v7e-m+fp/hard\libc_nano.a(libc_a-memmove.o)
 .debug_frame   0x00003230       0x3c C:/ST/STM32CubeIDE_1.17.0/STM32CubeIDE/plugins/com.st.stm32cube.ide.mcu.externaltools.gnu-tools-for-stm32.12.3.rel1.win32_1.1.0.202410251130/tools/bin/../lib/gcc/arm-none-eabi/12.3.1/../../../../arm-none-eabi/lib/thumb/v7e-m+fp/hard\libc_nano.a(libc_a-reallocr.o)
 .debug_frame   0x0000326c       0x20 C:/ST/STM32CubeIDE_1.17.0/STM32CubeIDE/plugins/com.st.stm32cube.ide.mcu.externaltools.gnu-tools-for-stm32.12.3.rel1.win32_1.1.0.202410251130/tools/bin/../lib/gcc/arm-none-eabi/12.3.1/../../../../arm-none-eabi/lib/thumb/v7e-m+fp/hard\libc_nano.a(libc_a-msizer.o)
 .debug_frame   0x0000328c       0x2c C:/ST/STM32CubeIDE_1.17.0/STM32CubeIDE/plugins/com.st.stm32cube.ide.mcu.externaltools.gnu-tools-for-stm32.12.3.rel1.win32_1.1.0.202410251130/tools/bin/../lib/gcc/arm-none-eabi/12.3.1/thumb/v7e-m+fp/hard\libgcc.a(_aeabi_uldivmod.o)
 .debug_frame   0x000032b8       0x34 C:/ST/STM32CubeIDE_1.17.0/STM32CubeIDE/plugins/com.st.stm32cube.ide.mcu.externaltools.gnu-tools-for-stm32.12.3.rel1.win32_1.1.0.202410251130/tools/bin/../lib/gcc/arm-none-eabi/12.3.1/thumb/v7e-m+fp/hard\libgcc.a(_udivmoddi4.o)

.debug_line_str
                0x00000000       0x5a
 .debug_line_str
                0x00000000       0x5a ./Core/Startup/startup_stm32f439zitx.o
